
[1m[46m RUN [49m[22m [36mv4.0.16 [39m[90mC:/Users/Jehangir/dev/tasaveer[39m

[90mstdout[2m | src/pages/__tests__/Settings.test.tsx[2m > [22m[2mSettings[2m > [22m[2mRendering[2m > [22m[2mrenders the settings header
[22m[39mBundled immich-go sidecar not found: TypeError: __vite_ssr_import_3__.Command.sidecar is not a function
    at checkPrerequisites (C:/Users/Jehangir/dev/tasaveer/src/pages/Settings.tsx:119:36)
[90m    at processTicksAndRejections (node:internal/process/task_queues:105:5)[39m

[90mstdout[2m | src/pages/__tests__/Settings.test.tsx[2m > [22m[2mSettings[2m > [22m[2mRendering[2m > [22m[2mrenders the settings header
[22m[39mImmich-go check result for immich-go: { code: [33m0[39m, stdout: [32m'v1.0.0'[39m, stderr: [32m''[39m }

[90mstdout[2m | src/pages/__tests__/Settings.test.tsx[2m > [22m[2mSettings[2m > [22m[2mRendering[2m > [22m[2mrenders all settings sections
[22m[39mBundled immich-go sidecar not found: TypeError: __vite_ssr_import_3__.Command.sidecar is not a function
    at checkPrerequisites (C:/Users/Jehangir/dev/tasaveer/src/pages/Settings.tsx:119:36)
[90m    at processTicksAndRejections (node:internal/process/task_queues:105:5)[39m

[90mstdout[2m | src/pages/__tests__/Settings.test.tsx[2m > [22m[2mSettings[2m > [22m[2mRendering[2m > [22m[2mrenders all settings sections
[22m[39mImmich-go check result for immich-go: { code: [33m0[39m, stdout: [32m'v1.0.0'[39m, stderr: [32m''[39m }

 [32mΓ£ô[39m src/layouts/__tests__/AppLayout.test.tsx [2m([22m[2m6 tests[22m[2m)[22m[32m 221[2mms[22m[39m
[90mstdout[2m | src/pages/__tests__/Settings.test.tsx[2m > [22m[2mSettings[2m > [22m[2mRendering[2m > [22m[2mloads and displays saved settings
[22m[39mBundled immich-go sidecar not found: TypeError: __vite_ssr_import_3__.Command.sidecar is not a function
    at checkPrerequisites (C:/Users/Jehangir/dev/tasaveer/src/pages/Settings.tsx:119:36)

[90mstdout[2m | src/pages/__tests__/Settings.test.tsx[2m > [22m[2mSettings[2m > [22m[2mRendering[2m > [22m[2mloads and displays saved settings
[22m[39mImmich-go check result for immich-go: { code: [33m0[39m, stdout: [32m'v1.0.0'[39m, stderr: [32m''[39m }

[90mstdout[2m | src/pages/__tests__/Settings.test.tsx[2m > [22m[2mSettings[2m > [22m[2mForm Interactions[2m > [22m[2mcalls invoke with load_settings on mount
[22m[39mBundled immich-go sidecar not found: TypeError: __vite_ssr_import_3__.Command.sidecar is not a function
    at checkPrerequisites (C:/Users/Jehangir/dev/tasaveer/src/pages/Settings.tsx:119:36)

[90mstdout[2m | src/pages/__tests__/Settings.test.tsx[2m > [22m[2mSettings[2m > [22m[2mForm Interactions[2m > [22m[2mcalls invoke with load_settings on mount
[22m[39mImmich-go check result for immich-go: { code: [33m0[39m, stdout: [32m'v1.0.0'[39m, stderr: [32m''[39m }

[90mstdout[2m | src/pages/__tests__/Settings.test.tsx[2m > [22m[2mSettings[2m > [22m[2mForm Interactions[2m > [22m[2mupdates input values when typing
[22m[39mBundled immich-go sidecar not found: TypeError: __vite_ssr_import_3__.Command.sidecar is not a function
    at checkPrerequisites (C:/Users/Jehangir/dev/tasaveer/src/pages/Settings.tsx:119:36)

[90mstdout[2m | src/pages/__tests__/Settings.test.tsx[2m > [22m[2mSettings[2m > [22m[2mForm Interactions[2m > [22m[2mupdates input values when typing
[22m[39mImmich-go check result for immich-go: { code: [33m0[39m, stdout: [32m'v1.0.0'[39m, stderr: [32m''[39m }

 [31mΓ¥»[39m src/pages/__tests__/Ingest.test.tsx [2m([22m[2m13 tests[22m[2m | [22m[31m10 failed[39m[2m)[22m[33m 1374[2mms[22m[39m
[31m       [31m├ù[31m renders the ingest header[39m[32m 55[2mms[22m[39m
[31m       [31m├ù[31m renders source type options[39m[32m 9[2mms[22m[39m
       [32mΓ£ô[39m renders import strategy options[32m 9[2mms[22m[39m
[31m       [31m├ù[31m starts with Local Folder selected by default[39m[32m 11[2mms[22m[39m
[31m       [31m├ù[31m changes active source type when clicking different option[39m[32m 11[2mms[22m[39m
[31m       [31m├ù[31m starts with Copy selected by default[39m[32m 8[2mms[22m[39m
[31m       [31m├ù[31m allows switching to Move strategy[39m[33m 1015[2mms[22m[39m
       [32mΓ£ô[39m opens folder dialog when selecting source path[32m 90[2mms[22m[39m
       [32mΓ£ô[39m loads default destination from settings[32m 9[2mms[22m[39m
[31m       [31m├ù[31m disables start button when paths are not set[39m[32m 138[2mms[22m[39m
[31m       [31m├ù[31m renders the log panel with toggle button[39m[32m 6[2mms[22m[39m
[31m       [31m├ù[31m can toggle log panel visibility[39m[32m 6[2mms[22m[39m
[31m       [31m├ù[31m shows zip file selection UI when Google Photos is selected[39m[32m 5[2mms[22m[39m
[90mstdout[2m | src/pages/__tests__/Settings.test.tsx[2m > [22m[2mSettings[2m > [22m[2mForm Interactions[2m > [22m[2mopens folder dialog when browse button is clicked
[22m[39mBundled immich-go sidecar not found: TypeError: __vite_ssr_import_3__.Command.sidecar is not a function
    at checkPrerequisites (C:/Users/Jehangir/dev/tasaveer/src/pages/Settings.tsx:119:36)

[90mstdout[2m | src/pages/__tests__/Settings.test.tsx[2m > [22m[2mSettings[2m > [22m[2mForm Interactions[2m > [22m[2mopens folder dialog when browse button is clicked
[22m[39mImmich-go check result for immich-go: { code: [33m0[39m, stdout: [32m'v1.0.0'[39m, stderr: [32m''[39m }

[90mstdout[2m | src/pages/__tests__/Settings.test.tsx[2m > [22m[2mSettings[2m > [22m[2mSave Functionality[2m > [22m[2mcalls save_settings when save button is clicked
[22m[39mBundled immich-go sidecar not found: TypeError: __vite_ssr_import_3__.Command.sidecar is not a function
    at checkPrerequisites (C:/Users/Jehangir/dev/tasaveer/src/pages/Settings.tsx:119:36)

[90mstdout[2m | src/pages/__tests__/Settings.test.tsx[2m > [22m[2mSettings[2m > [22m[2mSave Functionality[2m > [22m[2mcalls save_settings when save button is clicked
[22m[39mImmich-go check result for immich-go: { code: [33m0[39m, stdout: [32m'v1.0.0'[39m, stderr: [32m''[39m }

[90mstdout[2m | src/pages/__tests__/Settings.test.tsx[2m > [22m[2mSettings[2m > [22m[2mEdge Cases[2m > [22m[2mhandles empty settings gracefully
[22m[39mBundled immich-go sidecar not found: TypeError: __vite_ssr_import_3__.Command.sidecar is not a function
    at checkPrerequisites (C:/Users/Jehangir/dev/tasaveer/src/pages/Settings.tsx:119:36)

[90mstdout[2m | src/pages/__tests__/Settings.test.tsx[2m > [22m[2mSettings[2m > [22m[2mEdge Cases[2m > [22m[2mhandles empty settings gracefully
[22m[39mImmich-go check result for immich-go: { code: [33m0[39m, stdout: [32m'v1.0.0'[39m, stderr: [32m''[39m }

[90mstdout[2m | src/pages/__tests__/Settings.test.tsx[2m > [22m[2mSettings[2m > [22m[2mEdge Cases[2m > [22m[2mhandles settings load error gracefully
[22m[39mBundled immich-go sidecar not found: TypeError: __vite_ssr_import_3__.Command.sidecar is not a function
    at checkPrerequisites (C:/Users/Jehangir/dev/tasaveer/src/pages/Settings.tsx:119:36)

node.exe : [90mstderr[2m | src/pages/__tests__/Settings.test.tsx[2m > 
[22m[2mSettings[2m > [22m[2mEdge Cases[2m > [22m[2mhandles settings 
load error gracefully
At line:1 char:1
+ & "C:\nvm4w\nodejs/node.exe" "C:\nvm4w\nodejs/node_modules/npm/bin/np ...
+ ~~~~~~~~~~~~~~~~~~~~~~~~~~~~~~~~~~~~~~~~~~~~~~~~~~~~~~~~~~~~~~~~~~~~~
    + CategoryInfo          : NotSpecified: ([90mstderr[2m...rror gracefully 
   :String) [], RemoteException
    + FullyQualifiedErrorId : NativeCommandError
 
[22m[39mFailed to load settings: Error: Failed to load
    at 
C:/Users/Jehangir/dev/tasaveer/src/pages/__tests__/Settings.test.tsx:190:43
    at Mock [90m(file:///C:/Users/Jehangir/dev/tasaveer/[39mnode_modules/[4m
@vitest/spy[24m/dist/index.js:285:34[90m)[39m
    at invoke 
(C:/Users/Jehangir/dev/tasaveer/src/pages/__tests__/Settings.test.tsx:14:37)
    at loadSettings 
(C:/Users/Jehangir/dev/tasaveer/src/pages/Settings.tsx:50:38)
    at C:/Users/Jehangir/dev/tasaveer/src/pages/Settings.tsx:44:5
    at Object.react_stack_bottom_frame [90m(C:\Users\Jehangir\dev\tasaveer\[3
9mnode_modules\[4mreact-dom[24m\cjs\react-dom-client.development.js:25989:20
[90m)[39m
    at runWithFiberInDEV [90m(C:\Users\Jehangir\dev\tasaveer\[39mnode_modules
\[4mreact-dom[24m\cjs\react-dom-client.development.js:874:13[90m)[39m
    at commitHookEffectListMount [90m(C:\Users\Jehangir\dev\tasaveer\[39mnode
_modules\[4mreact-dom[24m\cjs\react-dom-client.development.js:13249:29[90m)
[39m
    at commitHookPassiveMountEffects [90m(C:\Users\Jehangir\dev\tasaveer\[39m
node_modules\[4mreact-dom[24m\cjs\react-dom-client.development.js:13336:11[9
0m)[39m
    at commitPassiveMountOnFiber [90m(C:\Users\Jehangir\dev\tasaveer\[39mnode
_modules\[4mreact-dom[24m\cjs\react-dom-client.development.js:15484:13[90m)
[39m

[90mstdout[2m | src/pages/__tests__/Settings.test.tsx[2m > [22m[2mSettings[2m > [22m[2mEdge Cases[2m > [22m[2mhandles settings load error gracefully
[22m[39mImmich-go check result for immich-go: { code: [33m0[39m, stdout: [32m'v1.0.0'[39m, stderr: [32m''[39m }

 [31mΓ¥»[39m src/pages/__tests__/Settings.test.tsx [2m([22m[2m9 tests[22m[2m | [22m[31m3 failed[39m[2m)[22m[33m 2808[2mms[22m[39m
[31m       [31m├ù[31m renders the settings header[39m[32m 46[2mms[22m[39m
[31m       [31m├ù[31m renders all settings sections[39m[33m 1025[2mms[22m[39m
       [32mΓ£ô[39m loads and displays saved settings[32m 29[2mms[22m[39m
       [32mΓ£ô[39m calls invoke with load_settings on mount[32m 15[2mms[22m[39m
       [33m[2mΓ£ô[22m[39m updates input values when typing [33m 498[2mms[22m[39m
       [32mΓ£ô[39m opens folder dialog when browse button is clicked[32m 60[2mms[22m[39m
       [32mΓ£ô[39m calls save_settings when save button is clicked[32m 95[2mms[22m[39m
[31m       [31m├ù[31m handles empty settings gracefully[39m[33m 1026[2mms[22m[39m
       [32mΓ£ô[39m handles settings load error gracefully[32m 12[2mms[22m[39m

[31mΓÄ»ΓÄ»ΓÄ»ΓÄ»ΓÄ»ΓÄ»[39m[1m[41m Failed Tests 13 
[49m[22m[31mΓÄ»ΓÄ»ΓÄ»ΓÄ»ΓÄ»ΓÄ»ΓÄ»[39m

[41m[1m FAIL [22m[49m src/pages/__tests__/Ingest.test.tsx[2m > 
[22mIngest[2m > [22mRendering[2m > [22mrenders the ingest header
[31m[1mTestingLibraryElementError[22m[39m: Unable to find an element with 
the text: /Copy and organize media/i. This could be because the text is broken 
up by multiple elements. In this case, you can provide a function for your 
text matcher to make your matcher more flexible.

Ignored nodes: comments, script, style
[36m<body>[39m
  [36m<div>[39m
    [36m<div[39m
      [33mclass[39m=[32m"space-y-8 animate-fade-in pb-20"[39m
    [36m>[39m
      [36m<div>[39m
        [36m<h1[39m
          [33mclass[39m=[32m"text-4xl font-bold mb-2"[39m
        [36m>[39m
          [36m<span[39m
            [33mclass[39m=[32m"gradient-text"[39m
          [36m>[39m
            [0mIngest[0m
          [36m</span>[39m
          [0m Media[0m
        [36m</h1>[39m
        [36m<p[39m
          [33mclass[39m=[32m"text-slate-400 text-lg"[39m
        [36m>[39m
          [0mImport photos and videos into your canonical archive[0m
        [36m</p>[39m
      [36m</div>[39m
      [36m<div[39m
        [33mclass[39m=[32m"grid grid-cols-1 lg:grid-cols-2 gap-8"[39m
      [36m>[39m
        [36m<div[39m
          [33mclass[39m=[32m"space-y-8"[39m
        [36m>[39m
          [36m<div[39m
            [33mclass[39m=[32m"glass-card p-8"[39m
          [36m>[39m
            [36m<h2[39m
              [33mclass[39m=[32m"text-xl font-bold mb-6 flex items-center 
gap-2"[39m
            [36m>[39m
              [36m<span[39m
                [33mclass[39m=[32m"w-8 h-8 rounded-full bg-slate-700 flex 
items-center justify-center text-sm"[39m
              [36m>[39m
                [0m1[0m
              [36m</span>[39m
              [0mSource Type[0m
            [36m</h2>[39m
            [36m<div[39m
              [33mclass[39m=[32m"grid grid-cols-3 gap-3 mb-6"[39m
            [36m>[39m
              [36m<button[39m
                [33mclass[39m=[32m"flex flex-col items-center gap-2 p-3 
rounded-lg border transition-all bg-purple-500/20 border-purple-500 
text-purple-200"[39m
              [36m>[39m
                [36m<svg[39m
                  [33maria-hidden[39m=[32m"true"[39m
                  [33mclass[39m=[32m"lucide lucide-hard-drive w-5 h-5"[39m
                  [33mfill[39m=[32m"none"[39m
                  [33mheight[39m=[32m"24"[39m
                  [33mstroke[39m=[32m"currentColor"[39m
                  [33mstroke-linecap[39m=[32m"round"[39m
                  [33mstroke-linejoin[39m=[32m"round"[39m
                  [33mstroke-width[39m=[32m"2"[39m
                  [33mviewBox[39m=[32m"0 0 24 24"[39m
                  [33mwidth[39m=[32m"24"[39m
                  [33mxmlns[39m=[32m"http://www.w3.org/2000/svg"[39m
                [36m>[39m
                  [36m<line[39m
                    [33mx1[39m=[32m"22"[39m
                    [33mx2[39m=[32m"2"[39m
                    [33my1[39m=[32m"12"[39m
                    [33my2[39m=[32m"12"[39m
                  [36m/>[39m
                  [36m<path[39m
                    [33md[39m=[32m"M5.45 5.11 2 12v6a2 2 0 0 0 2 2h16a2 2 0 
0 0 2-2v-6l-3.45-6.89A2 2 0 0 0 16.76 4H7.24a2 2 0 0 0-1.79 1.11z"[39m
                  [36m/>[39m
                  [36m<line[39m
                    [33mx1[39m=[32m"6"[39m
                    [33mx2[39m=[32m"6.01"[39m
                    [33my1[39m=[32m"16"[39m
                    [33my2[39m=[32m"16"[39m
                  [36m/>[39m
                  [36m<line[39m
                    [33mx1[39m=[32m"10"[39m
                    [33mx2[39m=[32m"10.01"[39m
                    [33my1[39m=[32m"16"[39m
                    [33my2[39m=[32m"16"[39m
                  [36m/>[39m
                [36m</svg>[39m
                [36m<span[39m
                  [33mclass[39m=[32m"text-xs font-semibold"[39m
                [36m>[39m
                  [0mLocal[0m
                [36m</span>[39m
              [36m</button>[39m
              [36m<button[39m
                [33mclass[39m=[32m"flex flex-col items-center gap-2 p-3 
rounded-lg border transition-all bg-slate-800/30 border-slate-700 
text-slate-400 hover:border-slate-600"[39m
              [36m>[39m
                [36m<svg[39m
                  [33maria-hidden[39m=[32m"true"[39m
                  [33mclass[39m=[32m"lucide lucide-image w-5 h-5"[39m
                  [33mfill[39m=[32m"none"[39m
                  [33mheight[39m=[32m"24"[39m
                  [33mstroke[39m=[32m"currentColor"[39m
                  [33mstroke-linecap[39m=[32m"round"[39m
                  [33mstroke-linejoin[39m=[32m"round"[39m
                  [33mstroke-width[39m=[32m"2"[39m
                  [33mviewBox[39m=[32m"0 0 24 24"[39m
                  [33mwidth[39m=[32m"24"[39m
                  [33mxmlns[39m=[32m"http://www.w3.org/2000/svg"[39m
                [36m>[39m
                  [36m<rect[39m
                    [33mheight[39m=[32m"18"[39m
                    [33mrx[39m=[32m"2"[39m
                    [33mry[39m=[32m"2"[39m
                    [33mwidth[39m=[32m"18"[39m
                    [33mx[39m=[32m"3"[39m
                    [33my[39m=[32m"3"[39m
                  [36m/>[39m
                  [36m<circle[39m
                    [33mcx[39m=[32m"9"[39m
                    [33mcy[39m=[32m"9"[39m
                    [33mr[39m=[32m"2"[39m
                  [36m/>[39m
                  [36m<path[39m
                    [33md[39m=[32m"m21 15-3.086-3.086a2 2 0 0 0-2.828 0L6 
21"[39m
                  [36m/>[39m
                [36m</svg>[39m
                [36m<span[39m
                  [33mclass[39m=[32m"text-xs font-semibold"[39m
                [36m>[39m
                  [0mGoogle[0m
                [36m</span>[39m
              [36m</button>[39m
              [36m<button[39m
                [33mclass[39m=[32m"flex flex-col items-center gap-2 p-3 
rounded-lg border transition-all bg-slate-800/30 border-slate-700 
text-slate-400 hover:border-slate-600"[39m
              [36m>[39m
                [36m<svg[39m
                  [33maria-hidden[39m=[32m"true"[39m
                  [33mclass[39m=[32m"lucide lucide-cloud w-5 h-5"[39m
                  [33mfill[39m=[32m"none"[39m
                  [33mheight[39m=[32m"24"[39m
                  [33mstroke[39m=[32m"currentColor"[39m
                  [33mstroke-linecap[39m=[32m"round"[39m
                  [33mstroke-linejoin[39m=[32m"round"[39m
                  [33mstroke-width[39m=[32m"2"[39m
                  [33mviewBox[39m=[32m"0 0 24 24"[39m
                  [33mwidth[39m=[32m"24"[39m
                  [33mxmlns[39m=[32m"http://www.w3.org/2000/svg"[39m
                [36m>[39m
                  [36m<path[39m
                    [33md[39m=[32m"M17.5 19H9a7 7 0 1 1 6.71-9h1.79a4.5 4.5 
0 1 1 0 9Z"[39m
                  [36m/>[39m
                [36m</svg>[39m
                [36m<span[39m
                  [33mclass[39m=[32m"text-xs font-semibold"[39m
                [36m>[39m
                  [0miCloud[0m
                [36m</span>[39m
...
[90m [2mΓ¥»[22m Object.getElementError 
node_modules/@testing-library/dom/dist/config.js:[2m37:19[22m[39m
[90m [2mΓ¥»[22m 
node_modules/@testing-library/dom/dist/query-helpers.js:[2m76:38[22m[39m
[90m [2mΓ¥»[22m 
node_modules/@testing-library/dom/dist/query-helpers.js:[2m52:17[22m[39m
[90m [2mΓ¥»[22m 
node_modules/@testing-library/dom/dist/query-helpers.js:[2m95:19[22m[39m
[36m [2mΓ¥»[22m src/pages/__tests__/Ingest.test.tsx:[2m74:27[22m[39m
    [90m 72| [39m
    [90m 73| [39m            [34mexpect[39m(screen[33m.[39m[34mgetByText
[39m([32m'Ingest'[39m))[33m.[39m[34mtoBeInTheDocument[39m()[33m;[39m
    [90m 74| [39m            expect(screen.getByText(/Copy and organize 
media/i)).toBeIΓÇª
    [90m   | [39m                          [31m^[39m
    [90m 75| [39m        })[33m;[39m
    [90m 76| [39m

[31m[2mΓÄ»ΓÄ»ΓÄ»ΓÄ»ΓÄ»ΓÄ»ΓÄ»ΓÄ»ΓÄ»ΓÄ»ΓÄ»ΓÄ»ΓÄ»ΓÄ»ΓÄ»ΓÄ»ΓÄ»ΓÄ»ΓÄ»ΓÄ»ΓÄ»ΓÄ»ΓÄ»[
1/13]ΓÄ»[22m[39m

[41m[1m FAIL [22m[49m src/pages/__tests__/Ingest.test.tsx[2m > 
[22mIngest[2m > [22mRendering[2m > [22mrenders source type options
[31m[1mTestingLibraryElementError[22m[39m: Unable to find an element with 
the text: Local Folder. This could be because the text is broken up by 
multiple elements. In this case, you can provide a function for your text 
matcher to make your matcher more flexible.

Ignored nodes: comments, script, style
[36m<body>[39m
  [36m<div>[39m
    [36m<div[39m
      [33mclass[39m=[32m"space-y-8 animate-fade-in pb-20"[39m
    [36m>[39m
      [36m<div>[39m
        [36m<h1[39m
          [33mclass[39m=[32m"text-4xl font-bold mb-2"[39m
        [36m>[39m
          [36m<span[39m
            [33mclass[39m=[32m"gradient-text"[39m
          [36m>[39m
            [0mIngest[0m
          [36m</span>[39m
          [0m Media[0m
        [36m</h1>[39m
        [36m<p[39m
          [33mclass[39m=[32m"text-slate-400 text-lg"[39m
        [36m>[39m
          [0mImport photos and videos into your canonical archive[0m
        [36m</p>[39m
      [36m</div>[39m
      [36m<div[39m
        [33mclass[39m=[32m"grid grid-cols-1 lg:grid-cols-2 gap-8"[39m
      [36m>[39m
        [36m<div[39m
          [33mclass[39m=[32m"space-y-8"[39m
        [36m>[39m
          [36m<div[39m
            [33mclass[39m=[32m"glass-card p-8"[39m
          [36m>[39m
            [36m<h2[39m
              [33mclass[39m=[32m"text-xl font-bold mb-6 flex items-center 
gap-2"[39m
            [36m>[39m
              [36m<span[39m
                [33mclass[39m=[32m"w-8 h-8 rounded-full bg-slate-700 flex 
items-center justify-center text-sm"[39m
              [36m>[39m
                [0m1[0m
              [36m</span>[39m
              [0mSource Type[0m
            [36m</h2>[39m
            [36m<div[39m
              [33mclass[39m=[32m"grid grid-cols-3 gap-3 mb-6"[39m
            [36m>[39m
              [36m<button[39m
                [33mclass[39m=[32m"flex flex-col items-center gap-2 p-3 
rounded-lg border transition-all bg-purple-500/20 border-purple-500 
text-purple-200"[39m
              [36m>[39m
                [36m<svg[39m
                  [33maria-hidden[39m=[32m"true"[39m
                  [33mclass[39m=[32m"lucide lucide-hard-drive w-5 h-5"[39m
                  [33mfill[39m=[32m"none"[39m
                  [33mheight[39m=[32m"24"[39m
                  [33mstroke[39m=[32m"currentColor"[39m
                  [33mstroke-linecap[39m=[32m"round"[39m
                  [33mstroke-linejoin[39m=[32m"round"[39m
                  [33mstroke-width[39m=[32m"2"[39m
                  [33mviewBox[39m=[32m"0 0 24 24"[39m
                  [33mwidth[39m=[32m"24"[39m
                  [33mxmlns[39m=[32m"http://www.w3.org/2000/svg"[39m
                [36m>[39m
                  [36m<line[39m
                    [33mx1[39m=[32m"22"[39m
                    [33mx2[39m=[32m"2"[39m
                    [33my1[39m=[32m"12"[39m
                    [33my2[39m=[32m"12"[39m
                  [36m/>[39m
                  [36m<path[39m
                    [33md[39m=[32m"M5.45 5.11 2 12v6a2 2 0 0 0 2 2h16a2 2 0 
0 0 2-2v-6l-3.45-6.89A2 2 0 0 0 16.76 4H7.24a2 2 0 0 0-1.79 1.11z"[39m
                  [36m/>[39m
                  [36m<line[39m
                    [33mx1[39m=[32m"6"[39m
                    [33mx2[39m=[32m"6.01"[39m
                    [33my1[39m=[32m"16"[39m
                    [33my2[39m=[32m"16"[39m
                  [36m/>[39m
                  [36m<line[39m
                    [33mx1[39m=[32m"10"[39m
                    [33mx2[39m=[32m"10.01"[39m
                    [33my1[39m=[32m"16"[39m
                    [33my2[39m=[32m"16"[39m
                  [36m/>[39m
                [36m</svg>[39m
                [36m<span[39m
                  [33mclass[39m=[32m"text-xs font-semibold"[39m
                [36m>[39m
                  [0mLocal[0m
                [36m</span>[39m
              [36m</button>[39m
              [36m<button[39m
                [33mclass[39m=[32m"flex flex-col items-center gap-2 p-3 
rounded-lg border transition-all bg-slate-800/30 border-slate-700 
text-slate-400 hover:border-slate-600"[39m
              [36m>[39m
                [36m<svg[39m
                  [33maria-hidden[39m=[32m"true"[39m
                  [33mclass[39m=[32m"lucide lucide-image w-5 h-5"[39m
                  [33mfill[39m=[32m"none"[39m
                  [33mheight[39m=[32m"24"[39m
                  [33mstroke[39m=[32m"currentColor"[39m
                  [33mstroke-linecap[39m=[32m"round"[39m
                  [33mstroke-linejoin[39m=[32m"round"[39m
                  [33mstroke-width[39m=[32m"2"[39m
                  [33mviewBox[39m=[32m"0 0 24 24"[39m
                  [33mwidth[39m=[32m"24"[39m
                  [33mxmlns[39m=[32m"http://www.w3.org/2000/svg"[39m
                [36m>[39m
                  [36m<rect[39m
                    [33mheight[39m=[32m"18"[39m
                    [33mrx[39m=[32m"2"[39m
                    [33mry[39m=[32m"2"[39m
                    [33mwidth[39m=[32m"18"[39m
                    [33mx[39m=[32m"3"[39m
                    [33my[39m=[32m"3"[39m
                  [36m/>[39m
                  [36m<circle[39m
                    [33mcx[39m=[32m"9"[39m
                    [33mcy[39m=[32m"9"[39m
                    [33mr[39m=[32m"2"[39m
                  [36m/>[39m
                  [36m<path[39m
                    [33md[39m=[32m"m21 15-3.086-3.086a2 2 0 0 0-2.828 0L6 
21"[39m
                  [36m/>[39m
                [36m</svg>[39m
                [36m<span[39m
                  [33mclass[39m=[32m"text-xs font-semibold"[39m
                [36m>[39m
                  [0mGoogle[0m
                [36m</span>[39m
              [36m</button>[39m
              [36m<button[39m
                [33mclass[39m=[32m"flex flex-col items-center gap-2 p-3 
rounded-lg border transition-all bg-slate-800/30 border-slate-700 
text-slate-400 hover:border-slate-600"[39m
              [36m>[39m
                [36m<svg[39m
                  [33maria-hidden[39m=[32m"true"[39m
                  [33mclass[39m=[32m"lucide lucide-cloud w-5 h-5"[39m
                  [33mfill[39m=[32m"none"[39m
                  [33mheight[39m=[32m"24"[39m
                  [33mstroke[39m=[32m"currentColor"[39m
                  [33mstroke-linecap[39m=[32m"round"[39m
                  [33mstroke-linejoin[39m=[32m"round"[39m
                  [33mstroke-width[39m=[32m"2"[39m
                  [33mviewBox[39m=[32m"0 0 24 24"[39m
                  [33mwidth[39m=[32m"24"[39m
                  [33mxmlns[39m=[32m"http://www.w3.org/2000/svg"[39m
                [36m>[39m
                  [36m<path[39m
                    [33md[39m=[32m"M17.5 19H9a7 7 0 1 1 6.71-9h1.79a4.5 4.5 
0 1 1 0 9Z"[39m
                  [36m/>[39m
                [36m</svg>[39m
                [36m<span[39m
                  [33mclass[39m=[32m"text-xs font-semibold"[39m
                [36m>[39m
                  [0miCloud[0m
                [36m</span>[39m
...
[90m [2mΓ¥»[22m Object.getElementError 
node_modules/@testing-library/dom/dist/config.js:[2m37:19[22m[39m
[90m [2mΓ¥»[22m 
node_modules/@testing-library/dom/dist/query-helpers.js:[2m76:38[22m[39m
[90m [2mΓ¥»[22m 
node_modules/@testing-library/dom/dist/query-helpers.js:[2m52:17[22m[39m
[90m [2mΓ¥»[22m 
node_modules/@testing-library/dom/dist/query-helpers.js:[2m95:19[22m[39m
[36m [2mΓ¥»[22m src/pages/__tests__/Ingest.test.tsx:[2m80:27[22m[39m
    [90m 78| [39m            [34mrenderIngest[39m()[33m;[39m
    [90m 79| [39m
    [90m 80| [39m            expect(screen.getByText('Local 
Folder')).toBeInTheDocumentΓÇª
    [90m   | [39m                          [31m^[39m
    [90m 81| [39m            expect(screen.getByText('Google 
Photos')).toBeInTheDocumenΓÇª
    [90m 82| [39m            expect(screen.getByText('iCloud 
Photos')).toBeInTheDocumenΓÇª

[31m[2mΓÄ»ΓÄ»ΓÄ»ΓÄ»ΓÄ»ΓÄ»ΓÄ»ΓÄ»ΓÄ»ΓÄ»ΓÄ»ΓÄ»ΓÄ»ΓÄ»ΓÄ»ΓÄ»ΓÄ»ΓÄ»ΓÄ»ΓÄ»ΓÄ»ΓÄ»ΓÄ»[
2/13]ΓÄ»[22m[39m

[41m[1m FAIL [22m[49m src/pages/__tests__/Ingest.test.tsx[2m > 
[22mIngest[2m > [22mSource Selection[2m > [22mstarts with Local Folder 
selected by default
[31m[1mTestingLibraryElementError[22m[39m: Unable to find an element with 
the text: Local Folder. This could be because the text is broken up by 
multiple elements. In this case, you can provide a function for your text 
matcher to make your matcher more flexible.

Ignored nodes: comments, script, style
[36m<body>[39m
  [36m<div>[39m
    [36m<div[39m
      [33mclass[39m=[32m"space-y-8 animate-fade-in pb-20"[39m
    [36m>[39m
      [36m<div>[39m
        [36m<h1[39m
          [33mclass[39m=[32m"text-4xl font-bold mb-2"[39m
        [36m>[39m
          [36m<span[39m
            [33mclass[39m=[32m"gradient-text"[39m
          [36m>[39m
            [0mIngest[0m
          [36m</span>[39m
          [0m Media[0m
        [36m</h1>[39m
        [36m<p[39m
          [33mclass[39m=[32m"text-slate-400 text-lg"[39m
        [36m>[39m
          [0mImport photos and videos into your canonical archive[0m
        [36m</p>[39m
      [36m</div>[39m
      [36m<div[39m
        [33mclass[39m=[32m"grid grid-cols-1 lg:grid-cols-2 gap-8"[39m
      [36m>[39m
        [36m<div[39m
          [33mclass[39m=[32m"space-y-8"[39m
        [36m>[39m
          [36m<div[39m
            [33mclass[39m=[32m"glass-card p-8"[39m
          [36m>[39m
            [36m<h2[39m
              [33mclass[39m=[32m"text-xl font-bold mb-6 flex items-center 
gap-2"[39m
            [36m>[39m
              [36m<span[39m
                [33mclass[39m=[32m"w-8 h-8 rounded-full bg-slate-700 flex 
items-center justify-center text-sm"[39m
              [36m>[39m
                [0m1[0m
              [36m</span>[39m
              [0mSource Type[0m
            [36m</h2>[39m
            [36m<div[39m
              [33mclass[39m=[32m"grid grid-cols-3 gap-3 mb-6"[39m
            [36m>[39m
              [36m<button[39m
                [33mclass[39m=[32m"flex flex-col items-center gap-2 p-3 
rounded-lg border transition-all bg-purple-500/20 border-purple-500 
text-purple-200"[39m
              [36m>[39m
                [36m<svg[39m
                  [33maria-hidden[39m=[32m"true"[39m
                  [33mclass[39m=[32m"lucide lucide-hard-drive w-5 h-5"[39m
                  [33mfill[39m=[32m"none"[39m
                  [33mheight[39m=[32m"24"[39m
                  [33mstroke[39m=[32m"currentColor"[39m
                  [33mstroke-linecap[39m=[32m"round"[39m
                  [33mstroke-linejoin[39m=[32m"round"[39m
                  [33mstroke-width[39m=[32m"2"[39m
                  [33mviewBox[39m=[32m"0 0 24 24"[39m
                  [33mwidth[39m=[32m"24"[39m
                  [33mxmlns[39m=[32m"http://www.w3.org/2000/svg"[39m
                [36m>[39m
                  [36m<line[39m
                    [33mx1[39m=[32m"22"[39m
                    [33mx2[39m=[32m"2"[39m
                    [33my1[39m=[32m"12"[39m
                    [33my2[39m=[32m"12"[39m
                  [36m/>[39m
                  [36m<path[39m
                    [33md[39m=[32m"M5.45 5.11 2 12v6a2 2 0 0 0 2 2h16a2 2 0 
0 0 2-2v-6l-3.45-6.89A2 2 0 0 0 16.76 4H7.24a2 2 0 0 0-1.79 1.11z"[39m
                  [36m/>[39m
                  [36m<line[39m
                    [33mx1[39m=[32m"6"[39m
                    [33mx2[39m=[32m"6.01"[39m
                    [33my1[39m=[32m"16"[39m
                    [33my2[39m=[32m"16"[39m
                  [36m/>[39m
                  [36m<line[39m
                    [33mx1[39m=[32m"10"[39m
                    [33mx2[39m=[32m"10.01"[39m
                    [33my1[39m=[32m"16"[39m
                    [33my2[39m=[32m"16"[39m
                  [36m/>[39m
                [36m</svg>[39m
                [36m<span[39m
                  [33mclass[39m=[32m"text-xs font-semibold"[39m
                [36m>[39m
                  [0mLocal[0m
                [36m</span>[39m
              [36m</button>[39m
              [36m<button[39m
                [33mclass[39m=[32m"flex flex-col items-center gap-2 p-3 
rounded-lg border transition-all bg-slate-800/30 border-slate-700 
text-slate-400 hover:border-slate-600"[39m
              [36m>[39m
                [36m<svg[39m
                  [33maria-hidden[39m=[32m"true"[39m
                  [33mclass[39m=[32m"lucide lucide-image w-5 h-5"[39m
                  [33mfill[39m=[32m"none"[39m
                  [33mheight[39m=[32m"24"[39m
                  [33mstroke[39m=[32m"currentColor"[39m
                  [33mstroke-linecap[39m=[32m"round"[39m
                  [33mstroke-linejoin[39m=[32m"round"[39m
                  [33mstroke-width[39m=[32m"2"[39m
                  [33mviewBox[39m=[32m"0 0 24 24"[39m
                  [33mwidth[39m=[32m"24"[39m
                  [33mxmlns[39m=[32m"http://www.w3.org/2000/svg"[39m
                [36m>[39m
                  [36m<rect[39m
                    [33mheight[39m=[32m"18"[39m
                    [33mrx[39m=[32m"2"[39m
                    [33mry[39m=[32m"2"[39m
                    [33mwidth[39m=[32m"18"[39m
                    [33mx[39m=[32m"3"[39m
                    [33my[39m=[32m"3"[39m
                  [36m/>[39m
                  [36m<circle[39m
                    [33mcx[39m=[32m"9"[39m
                    [33mcy[39m=[32m"9"[39m
                    [33mr[39m=[32m"2"[39m
                  [36m/>[39m
                  [36m<path[39m
                    [33md[39m=[32m"m21 15-3.086-3.086a2 2 0 0 0-2.828 0L6 
21"[39m
                  [36m/>[39m
                [36m</svg>[39m
                [36m<span[39m
                  [33mclass[39m=[32m"text-xs font-semibold"[39m
                [36m>[39m
                  [0mGoogle[0m
                [36m</span>[39m
              [36m</button>[39m
              [36m<button[39m
                [33mclass[39m=[32m"flex flex-col items-center gap-2 p-3 
rounded-lg border transition-all bg-slate-800/30 border-slate-700 
text-slate-400 hover:border-slate-600"[39m
              [36m>[39m
                [36m<svg[39m
                  [33maria-hidden[39m=[32m"true"[39m
                  [33mclass[39m=[32m"lucide lucide-cloud w-5 h-5"[39m
                  [33mfill[39m=[32m"none"[39m
                  [33mheight[39m=[32m"24"[39m
                  [33mstroke[39m=[32m"currentColor"[39m
                  [33mstroke-linecap[39m=[32m"round"[39m
                  [33mstroke-linejoin[39m=[32m"round"[39m
                  [33mstroke-width[39m=[32m"2"[39m
                  [33mviewBox[39m=[32m"0 0 24 24"[39m
                  [33mwidth[39m=[32m"24"[39m
                  [33mxmlns[39m=[32m"http://www.w3.org/2000/svg"[39m
                [36m>[39m
                  [36m<path[39m
                    [33md[39m=[32m"M17.5 19H9a7 7 0 1 1 6.71-9h1.79a4.5 4.5 
0 1 1 0 9Z"[39m
                  [36m/>[39m
                [36m</svg>[39m
                [36m<span[39m
                  [33mclass[39m=[32m"text-xs font-semibold"[39m
                [36m>[39m
                  [0miCloud[0m
                [36m</span>[39m
...
[90m [2mΓ¥»[22m Object.getElementError 
node_modules/@testing-library/dom/dist/config.js:[2m37:19[22m[39m
[90m [2mΓ¥»[22m 
node_modules/@testing-library/dom/dist/query-helpers.js:[2m76:38[22m[39m
[90m [2mΓ¥»[22m 
node_modules/@testing-library/dom/dist/query-helpers.js:[2m52:17[22m[39m
[90m [2mΓ¥»[22m 
node_modules/@testing-library/dom/dist/query-helpers.js:[2m95:19[22m[39m
[36m [2mΓ¥»[22m src/pages/__tests__/Ingest.test.tsx:[2m98:46[22m[39m
    [90m 96| [39m
    [90m 97| [39m            [90m// Local Folder should be the initially 
active source type[39m
    [90m 98| [39m            const localFolderOption = 
screen.getByText('Local Folder')ΓÇª
    [90m   | [39m                                             [31m^[39m
    [90m 99| [39m            [34mexpect[39m(localFolderOption)[33m.[39m[
34mtoHaveClass[39m([32m'border-purple-500'[39m)[33m;[39m
    [90m100| [39m        })[33m;[39m

[31m[2mΓÄ»ΓÄ»ΓÄ»ΓÄ»ΓÄ»ΓÄ»ΓÄ»ΓÄ»ΓÄ»ΓÄ»ΓÄ»ΓÄ»ΓÄ»ΓÄ»ΓÄ»ΓÄ»ΓÄ»ΓÄ»ΓÄ»ΓÄ»ΓÄ»ΓÄ»ΓÄ»[
3/13]ΓÄ»[22m[39m

[41m[1m FAIL [22m[49m src/pages/__tests__/Ingest.test.tsx[2m > 
[22mIngest[2m > [22mSource Selection[2m > [22mchanges active source type 
when clicking different option
[31m[1mTestingLibraryElementError[22m[39m: Unable to find an element with 
the text: Google Photos. This could be because the text is broken up by 
multiple elements. In this case, you can provide a function for your text 
matcher to make your matcher more flexible.

Ignored nodes: comments, script, style
[36m<body>[39m
  [36m<div>[39m
    [36m<div[39m
      [33mclass[39m=[32m"space-y-8 animate-fade-in pb-20"[39m
    [36m>[39m
      [36m<div>[39m
        [36m<h1[39m
          [33mclass[39m=[32m"text-4xl font-bold mb-2"[39m
        [36m>[39m
          [36m<span[39m
            [33mclass[39m=[32m"gradient-text"[39m
          [36m>[39m
            [0mIngest[0m
          [36m</span>[39m
          [0m Media[0m
        [36m</h1>[39m
        [36m<p[39m
          [33mclass[39m=[32m"text-slate-400 text-lg"[39m
        [36m>[39m
          [0mImport photos and videos into your canonical archive[0m
        [36m</p>[39m
      [36m</div>[39m
      [36m<div[39m
        [33mclass[39m=[32m"grid grid-cols-1 lg:grid-cols-2 gap-8"[39m
      [36m>[39m
        [36m<div[39m
          [33mclass[39m=[32m"space-y-8"[39m
        [36m>[39m
          [36m<div[39m
            [33mclass[39m=[32m"glass-card p-8"[39m
          [36m>[39m
            [36m<h2[39m
              [33mclass[39m=[32m"text-xl font-bold mb-6 flex items-center 
gap-2"[39m
            [36m>[39m
              [36m<span[39m
                [33mclass[39m=[32m"w-8 h-8 rounded-full bg-slate-700 flex 
items-center justify-center text-sm"[39m
              [36m>[39m
                [0m1[0m
              [36m</span>[39m
              [0mSource Type[0m
            [36m</h2>[39m
            [36m<div[39m
              [33mclass[39m=[32m"grid grid-cols-3 gap-3 mb-6"[39m
            [36m>[39m
              [36m<button[39m
                [33mclass[39m=[32m"flex flex-col items-center gap-2 p-3 
rounded-lg border transition-all bg-purple-500/20 border-purple-500 
text-purple-200"[39m
              [36m>[39m
                [36m<svg[39m
                  [33maria-hidden[39m=[32m"true"[39m
                  [33mclass[39m=[32m"lucide lucide-hard-drive w-5 h-5"[39m
                  [33mfill[39m=[32m"none"[39m
                  [33mheight[39m=[32m"24"[39m
                  [33mstroke[39m=[32m"currentColor"[39m
                  [33mstroke-linecap[39m=[32m"round"[39m
                  [33mstroke-linejoin[39m=[32m"round"[39m
                  [33mstroke-width[39m=[32m"2"[39m
                  [33mviewBox[39m=[32m"0 0 24 24"[39m
                  [33mwidth[39m=[32m"24"[39m
                  [33mxmlns[39m=[32m"http://www.w3.org/2000/svg"[39m
                [36m>[39m
                  [36m<line[39m
                    [33mx1[39m=[32m"22"[39m
                    [33mx2[39m=[32m"2"[39m
                    [33my1[39m=[32m"12"[39m
                    [33my2[39m=[32m"12"[39m
                  [36m/>[39m
                  [36m<path[39m
                    [33md[39m=[32m"M5.45 5.11 2 12v6a2 2 0 0 0 2 2h16a2 2 0 
0 0 2-2v-6l-3.45-6.89A2 2 0 0 0 16.76 4H7.24a2 2 0 0 0-1.79 1.11z"[39m
                  [36m/>[39m
                  [36m<line[39m
                    [33mx1[39m=[32m"6"[39m
                    [33mx2[39m=[32m"6.01"[39m
                    [33my1[39m=[32m"16"[39m
                    [33my2[39m=[32m"16"[39m
                  [36m/>[39m
                  [36m<line[39m
                    [33mx1[39m=[32m"10"[39m
                    [33mx2[39m=[32m"10.01"[39m
                    [33my1[39m=[32m"16"[39m
                    [33my2[39m=[32m"16"[39m
                  [36m/>[39m
                [36m</svg>[39m
                [36m<span[39m
                  [33mclass[39m=[32m"text-xs font-semibold"[39m
                [36m>[39m
                  [0mLocal[0m
                [36m</span>[39m
              [36m</button>[39m
              [36m<button[39m
                [33mclass[39m=[32m"flex flex-col items-center gap-2 p-3 
rounded-lg border transition-all bg-slate-800/30 border-slate-700 
text-slate-400 hover:border-slate-600"[39m
              [36m>[39m
                [36m<svg[39m
                  [33maria-hidden[39m=[32m"true"[39m
                  [33mclass[39m=[32m"lucide lucide-image w-5 h-5"[39m
                  [33mfill[39m=[32m"none"[39m
                  [33mheight[39m=[32m"24"[39m
                  [33mstroke[39m=[32m"currentColor"[39m
                  [33mstroke-linecap[39m=[32m"round"[39m
                  [33mstroke-linejoin[39m=[32m"round"[39m
                  [33mstroke-width[39m=[32m"2"[39m
                  [33mviewBox[39m=[32m"0 0 24 24"[39m
                  [33mwidth[39m=[32m"24"[39m
                  [33mxmlns[39m=[32m"http://www.w3.org/2000/svg"[39m
                [36m>[39m
                  [36m<rect[39m
                    [33mheight[39m=[32m"18"[39m
                    [33mrx[39m=[32m"2"[39m
                    [33mry[39m=[32m"2"[39m
                    [33mwidth[39m=[32m"18"[39m
                    [33mx[39m=[32m"3"[39m
                    [33my[39m=[32m"3"[39m
                  [36m/>[39m
                  [36m<circle[39m
                    [33mcx[39m=[32m"9"[39m
                    [33mcy[39m=[32m"9"[39m
                    [33mr[39m=[32m"2"[39m
                  [36m/>[39m
                  [36m<path[39m
                    [33md[39m=[32m"m21 15-3.086-3.086a2 2 0 0 0-2.828 0L6 
21"[39m
                  [36m/>[39m
                [36m</svg>[39m
                [36m<span[39m
                  [33mclass[39m=[32m"text-xs font-semibold"[39m
                [36m>[39m
                  [0mGoogle[0m
                [36m</span>[39m
              [36m</button>[39m
              [36m<button[39m
                [33mclass[39m=[32m"flex flex-col items-center gap-2 p-3 
rounded-lg border transition-all bg-slate-800/30 border-slate-700 
text-slate-400 hover:border-slate-600"[39m
              [36m>[39m
                [36m<svg[39m
                  [33maria-hidden[39m=[32m"true"[39m
                  [33mclass[39m=[32m"lucide lucide-cloud w-5 h-5"[39m
                  [33mfill[39m=[32m"none"[39m
                  [33mheight[39m=[32m"24"[39m
                  [33mstroke[39m=[32m"currentColor"[39m
                  [33mstroke-linecap[39m=[32m"round"[39m
                  [33mstroke-linejoin[39m=[32m"round"[39m
                  [33mstroke-width[39m=[32m"2"[39m
                  [33mviewBox[39m=[32m"0 0 24 24"[39m
                  [33mwidth[39m=[32m"24"[39m
                  [33mxmlns[39m=[32m"http://www.w3.org/2000/svg"[39m
                [36m>[39m
                  [36m<path[39m
                    [33md[39m=[32m"M17.5 19H9a7 7 0 1 1 6.71-9h1.79a4.5 4.5 
0 1 1 0 9Z"[39m
                  [36m/>[39m
                [36m</svg>[39m
                [36m<span[39m
                  [33mclass[39m=[32m"text-xs font-semibold"[39m
                [36m>[39m
                  [0miCloud[0m
                [36m</span>[39m
...
[90m [2mΓ¥»[22m Object.getElementError 
node_modules/@testing-library/dom/dist/config.js:[2m37:19[22m[39m
[90m [2mΓ¥»[22m 
node_modules/@testing-library/dom/dist/query-helpers.js:[2m76:38[22m[39m
[90m [2mΓ¥»[22m 
node_modules/@testing-library/dom/dist/query-helpers.js:[2m52:17[22m[39m
[90m [2mΓ¥»[22m 
node_modules/@testing-library/dom/dist/query-helpers.js:[2m95:19[22m[39m
[36m [2mΓ¥»[22m src/pages/__tests__/Ingest.test.tsx:[2m106:44[22m[39m
    [90m104| [39m            [34mrenderIngest[39m()[33m;[39m
    [90m105| [39m
    [90m106| [39m            const googlePhotosBtn = 
screen.getByText('Google Photos').ΓÇª
    [90m   | [39m                                           [31m^[39m
    [90m107| [39m            [35mif[39m (googlePhotosBtn) {
    [90m108| [39m                [35mawait[39m 
user[33m.[39m[34mclick[39m(googlePhotosBtn)[33m;[39m

[31m[2mΓÄ»ΓÄ»ΓÄ»ΓÄ»ΓÄ»ΓÄ»ΓÄ»ΓÄ»ΓÄ»ΓÄ»ΓÄ»ΓÄ»ΓÄ»ΓÄ»ΓÄ»ΓÄ»ΓÄ»ΓÄ»ΓÄ»ΓÄ»ΓÄ»ΓÄ»ΓÄ»[
4/13]ΓÄ»[22m[39m

[41m[1m FAIL [22m[49m src/pages/__tests__/Ingest.test.tsx[2m > 
[22mIngest[2m > [22mImport Strategy[2m > [22mstarts with Copy selected by 
default
[31m[1mError[22m: [2mexpect([22m[31mreceived[31m[2m).toBeChecked()[22m

[31mreceived[31m value must be an HTMLElement or an SVGElement.
Received has type:  Undefined
Received has value: [31mundefined[31m[39m
[36m [2mΓ¥»[22m src/pages/__tests__/Ingest.test.tsx:[2m125:31[22m[39m
    [90m123| [39m            const copyOption = 
screen.getByText('Copy').closest('labelΓÇª
    [90m124| [39m            const copyRadio = 
copyOption?.querySelector('input[type="rΓÇª
    [90m125| [39m            
[34mexpect[39m(copyRadio)[33m.[39m[34mtoBeChecked[39m()[33m;[39m
    [90m   | [39m                              [31m^[39m
    [90m126| [39m        })[33m;[39m
    [90m127| [39m

[31m[2mΓÄ»ΓÄ»ΓÄ»ΓÄ»ΓÄ»ΓÄ»ΓÄ»ΓÄ»ΓÄ»ΓÄ»ΓÄ»ΓÄ»ΓÄ»ΓÄ»ΓÄ»ΓÄ»ΓÄ»ΓÄ»ΓÄ»ΓÄ»ΓÄ»ΓÄ»ΓÄ»[
5/13]ΓÄ»[22m[39m

[41m[1m FAIL [22m[49m src/pages/__tests__/Ingest.test.tsx[2m > 
[22mIngest[2m > [22mImport Strategy[2m > [22mallows switching to Move 
strategy
[31m[1mError[22m[39m: 
[2mexpect([22m[31mreceived[39m[2m).toBeChecked()[22m

[31mreceived[39m value must be an HTMLElement or an SVGElement.
Received has type:  Undefined
Received has value: [31mundefined[39m

Ignored nodes: comments, script, style
[36m<html>[39m
  [36m<head />[39m
  [36m<body>[39m
    [36m<div>[39m
      [36m<div[39m
        [33mclass[39m=[32m"space-y-8 animate-fade-in pb-20"[39m
      [36m>[39m
        [36m<div>[39m
          [36m<h1[39m
            [33mclass[39m=[32m"text-4xl font-bold mb-2"[39m
          [36m>[39m
            [36m<span[39m
              [33mclass[39m=[32m"gradient-text"[39m
            [36m>[39m
              [0mIngest[0m
            [36m</span>[39m
            [0m Media[0m
          [36m</h1>[39m
          [36m<p[39m
            [33mclass[39m=[32m"text-slate-400 text-lg"[39m
          [36m>[39m
            [0mImport photos and videos into your canonical archive[0m
          [36m</p>[39m
        [36m</div>[39m
        [36m<div[39m
          [33mclass[39m=[32m"grid grid-cols-1 lg:grid-cols-2 gap-8"[39m
        [36m>[39m
          [36m<div[39m
            [33mclass[39m=[32m"space-y-8"[39m
          [36m>[39m
            [36m<div[39m
              [33mclass[39m=[32m"glass-card p-8"[39m
            [36m>[39m
              [36m<h2[39m
                [33mclass[39m=[32m"text-xl font-bold mb-6 flex items-center 
gap-2"[39m
              [36m>[39m
                [36m<span[39m
                  [33mclass[39m=[32m"w-8 h-8 rounded-full bg-slate-700 flex 
items-center justify-center text-sm"[39m
                [36m>[39m
                  [0m1[0m
                [36m</span>[39m
                [0mSource Type[0m
              [36m</h2>[39m
              [36m<div[39m
                [33mclass[39m=[32m"grid grid-cols-3 gap-3 mb-6"[39m
              [36m>[39m
                [36m<button[39m
                  [33mclass[39m=[32m"flex flex-col items-center gap-2 p-3 
rounded-lg border transition-all bg-purple-500/20 border-purple-500 
text-purple-200"[39m
                [36m>[39m
                  [36m<svg[39m
                    [33maria-hidden[39m=[32m"true"[39m
                    [33mclass[39m=[32m"lucide lucide-hard-drive w-5 
h-5"[39m
                    [33mfill[39m=[32m"none"[39m
                    [33mheight[39m=[32m"24"[39m
                    [33mstroke[39m=[32m"currentColor"[39m
                    [33mstroke-linecap[39m=[32m"round"[39m
                    [33mstroke-linejoin[39m=[32m"round"[39m
                    [33mstroke-width[39m=[32m"2"[39m
                    [33mviewBox[39m=[32m"0 0 24 24"[39m
                    [33mwidth[39m=[32m"24"[39m
                    [33mxmlns[39m=[32m"http://www.w3.org/2000/svg"[39m
                  [36m>[39m
                    [36m<line[39m
                      [33mx1[39m=[32m"22"[39m
                      [33mx2[39m=[32m"2"[39m
                      [33my1[39m=[32m"12"[39m
                      [33my2[39m=[32m"12"[39m
                    [36m/>[39m
                    [36m<path[39m
                      [33md[39m=[32m"M5.45 5.11 2 12v6a2 2 0 0 0 2 2h16a2 2 
0 0 0 2-2v-6l-3.45-6.89A2 2 0 0 0 16.76 4H7.24a2 2 0 0 0-1.79 1.11z"[39m
                    [36m/>[39m
                    [36m<line[39m
                      [33mx1[39m=[32m"6"[39m
                      [33mx2[39m=[32m"6.01"[39m
                      [33my1[39m=[32m"16"[39m
                      [33my2[39m=[32m"16"[39m
                    [36m/>[39m
                    [36m<line[39m
                      [33mx1[39m=[32m"10"[39m
                      [33mx2[39m=[32m"10.01"[39m
                      [33my1[39m=[32m"16"[39m
                      [33my2[39m=[32m"16"[39m
                    [36m/>[39m
                  [36m</svg>[39m
                  [36m<span[39m
                    [33mclass[39m=[32m"text-xs font-semibold"[39m
                  [36m>[39m
                    [0mLocal[0m
                  [36m</span>[39m
                [36m</button>[39m
                [36m<button[39m
                  [33mclass[39m=[32m"flex flex-col items-center gap-2 p-3 
rounded-lg border transition-all bg-slate-800/30 border-slate-700 
text-slate-400 hover:border-slate-600"[39m
                [36m>[39m
                  [36m<svg[39m
                    [33maria-hidden[39m=[32m"true"[39m
                    [33mclass[39m=[32m"lucide lucide-image w-5 h-5"[39m
                    [33mfill[39m=[32m"none"[39m
                    [33mheight[39m=[32m"24"[39m
                    [33mstroke[39m=[32m"currentColor"[39m
                    [33mstroke-linecap[39m=[32m"round"[39m
                    [33mstroke-linejoin[39m=[32m"round"[39m
                    [33mstroke-width[39m=[32m"2"[39m
                    [33mviewBox[39m=[32m"0 0 24 24"[39m
                    [33mwidth[39m=[32m"24"[39m
                    [33mxmlns[39m=[32m"http://www.w3.org/2000/svg"[39m
                  [36m>[39m
                    [36m<rect[39m
                      [33mheight[39m=[32m"18"[39m
                      [33mrx[39m=[32m"2"[39m
                      [33mry[39m=[32m"2"[39m
                      [33mwidth[39m=[32m"18"[39m
                      [33mx[39m=[32m"3"[39m
                      [33my[39m=[32m"3"[39m
                    [36m/>[39m
                    [36m<circle[39m
                      [33mcx[39m=[32m"9"[39m
                      [33mcy[39m=[32m"9"[39m
                      [33mr[39m=[32m"2"[39m
                    [36m/>[39m
                    [36m<path[39m
                      [33md[39m=[32m"m21 15-3.086-3.086a2 2 0 0 0-2.828 0L6 
21"[39m
                    [36m/>[39m
                  [36m</svg>[39m
                  [36m<span[39m
                    [33mclass[39m=[32m"text-xs font-semibold"[39m
                  [36m>[39m
                    [0mGoogle[0m
                  [36m</span>[39m
                [36m</button>[39m
                [36m<button[39m
                  [33mclass[39m=[32m"flex flex-col items-center gap-2 p-3 
rounded-lg border transition-all bg-slate-800/30 border-slate-700 
text-slate-400 hover:border-slate-600"[39m
                [36m>[39m
                  [36m<svg[39m
                    [33maria-hidden[39m=[32m"true"[39m
                    [33mclass[39m=[32m"lucide lucide-cloud w-5 h-5"[39m
                    [33mfill[39m=[32m"none"[39m
                    [33mheight[39m=[32m"24"[39m
                    [33mstroke[39m=[32m"currentColor"[39m
                    [33mstroke-linecap[39m=[32m"round"[39m
                    [33mstroke-linejoin[39m=[32m"round"[39m
                    [33mstroke-width[39m=[32m"2"[39m
                    [33mviewBox[39m=[32m"0 0 24 24"[39m
                    [33mwidth[39m=[32m"24"[39m
                    [33mxmlns[39m=[32m"http://www.w3.org/2000/svg"[39m
                  [36m>[39m
                    [36m<path[39m
                      [33md...
[36m [2mΓ¥»[22m src/pages/__tests__/Ingest.test.tsx:[2m139:35[22m[39m
    [90m137| [39m            const moveRadio = 
screen.getByText('Move').closest('label'ΓÇª
    [90m138| [39m            [35mawait[39m [34mwaitFor[39m(() 
[33m=>[39m {
    [90m139| [39m                
[34mexpect[39m(moveRadio)[33m.[39m[34mtoBeChecked[39m()[33m;[39m
    [90m   | [39m                                  [31m^[39m
    [90m140| [39m            })[33m;[39m
    [90m141| [39m        })[33m;[39m
[90m [2mΓ¥»[22m runWithExpensiveErrorDiagnosticsDisabled 
node_modules/@testing-library/dom/dist/config.js:[2m47:12[22m[39m
[90m [2mΓ¥»[22m checkCallback 
node_modules/@testing-library/dom/dist/wait-for.js:[2m124:77[22m[39m
[90m [2mΓ¥»[22m Timeout.checkRealTimersCallback 
node_modules/@testing-library/dom/dist/wait-for.js:[2m118:16[22m[39m

[31m[2mΓÄ»ΓÄ»ΓÄ»ΓÄ»ΓÄ»ΓÄ»ΓÄ»ΓÄ»ΓÄ»ΓÄ»ΓÄ»ΓÄ»ΓÄ»ΓÄ»ΓÄ»ΓÄ»ΓÄ»ΓÄ»ΓÄ»ΓÄ»ΓÄ»ΓÄ»ΓÄ»[
6/13]ΓÄ»[22m[39m

[41m[1m FAIL [22m[49m src/pages/__tests__/Ingest.test.tsx[2m > 
[22mIngest[2m > [22mIngest Button State[2m > [22mdisables start button 
when paths are not set
[31m[1mTestingLibraryElementError[22m[39m: Unable to find an accessible 
element with the role "button" and name `/start ingest/i`

Here are the accessible roles:

  heading:

  Name "Ingest Media":
  [36m<h1[39m
    [33mclass[39m=[32m"text-4xl font-bold mb-2"[39m
  [36m/>[39m

  Name "1Source Type":
  [36m<h2[39m
    [33mclass[39m=[32m"text-xl font-bold mb-6 flex items-center gap-2"[39m
  [36m/>[39m

  Name "Browse Folder":
  [36m<h3[39m
    [33mclass[39m=[32m"font-semibold text-lg text-white"[39m
  [36m/>[39m

  Name "2Select Destination":
  [36m<h2[39m
    [33mclass[39m=[32m"text-xl font-bold mb-6 flex items-center gap-2"[39m
  [36m/>[39m

  Name "Browse Folder":
  [36m<h3[39m
    [33mclass[39m=[32m"font-semibold text-lg text-white"[39m
  [36m/>[39m

  Name "3Import Strategy":
  [36m<h2[39m
    [33mclass[39m=[32m"text-xl font-bold mb-6 flex items-center gap-2"[39m
  [36m/>[39m

  Name "Copy":
  [36m<h3[39m
    [33mclass[39m=[32m"font-semibold text-base text-white mb-1"[39m
  [36m/>[39m

  Name "Move":
  [36m<h3[39m
    [33mclass[39m=[32m"font-semibold text-base text-white mb-1"[39m
  [36m/>[39m

  Name "Status":
  [36m<h2[39m
    [33mclass[39m=[32m"text-xl font-bold"[39m
  [36m/>[39m

  --------------------------------------------------
  paragraph:

  Name "":
  [36m<p[39m
    [33mclass[39m=[32m"text-slate-400 text-lg"[39m
  [36m/>[39m

  Name "":
  [36m<p[39m
    [33mclass[39m=[32m"text-sm text-slate-400"[39m
  [36m/>[39m

  Name "":
  [36m<p[39m
    [33mclass[39m=[32m"text-sm text-slate-400"[39m
  [36m/>[39m

  Name "":
  [36m<p[39m
    [33mclass[39m=[32m"text-xs text-slate-400"[39m
  [36m/>[39m

  Name "":
  [36m<p[39m
    [33mclass[39m=[32m"text-xs text-slate-400"[39m
  [36m/>[39m

  Name "":
  [36m<p />[39m

  --------------------------------------------------
  button:

  Name "Local":
  [36m<button[39m
    [33mclass[39m=[32m"flex flex-col items-center gap-2 p-3 rounded-lg 
border transition-all bg-purple-500/20 border-purple-500 text-purple-200"[39m
  [36m/>[39m

  Name "Google":
  [36m<button[39m
    [33mclass[39m=[32m"flex flex-col items-center gap-2 p-3 rounded-lg 
border transition-all bg-slate-800/30 border-slate-700 text-slate-400 
hover:border-slate-600"[39m
  [36m/>[39m

  Name "iCloud":
  [36m<button[39m
    [33mclass[39m=[32m"flex flex-col items-center gap-2 p-3 rounded-lg 
border transition-all bg-slate-800/30 border-slate-700 text-slate-400 
hover:border-slate-600"[39m
  [36m/>[39m

  Name "Browse Folder Select source directory":
  [36m<button[39m
    [33mclass[39m=[32m"group flex items-center gap-4 p-6 rounded-xl 
bg-gradient-to-r from-slate-800/50 to-slate-800/30 border border-slate-700 
hover:border-purple-500/50 transition-all hover:scale-[1.02]"[39m
  [36m/>[39m

  Name "Browse Folder Select destination archive":
  [36m<button[39m
    [33mclass[39m=[32m"w-full group flex items-center gap-4 p-6 rounded-xl 
bg-gradient-to-r from-slate-800/50 to-slate-800/30 border border-slate-700 
hover:border-blue-500/50 transition-all hover:scale-[1.02]"[39m
  [36m/>[39m

  Name "Copy Keeps original files (safe)":
  [36m<button[39m
    [33mclass[39m=[32m"group relative z-10 cursor-pointer flex items-start 
gap-4 p-4 rounded-xl border-2 transition-all "[39m
    [33mstyle[39m=[32m"background-color: rgba(168, 85, 247, 0.1); 
border-color: rgb(168, 85, 247);"[39m
    [33mtype[39m=[32m"button"[39m
  [36m/>[39m

  Name "Move Deletes source (clears space)":
  [36m<button[39m
    [33mclass[39m=[32m"group relative z-10 cursor-pointer flex items-start 
gap-4 p-4 rounded-xl border-2 transition-all bg-slate-800/30 border-slate-700 
hover:border-slate-600"[39m
    [33mtype[39m=[32m"button"[39m
  [36m/>[39m

  Name "Show All":
  [36m<button[39m
    [33mclass[39m=[32m"p-2 hover:bg-slate-800 rounded-lg text-slate-400 
hover:text-white transition-colors flex items-center gap-2 text-xs uppercase 
font-bold tracking-wider"[39m
  [36m/>[39m

  Name "Start Import":
  [36m<button[39m
    [33mclass[39m=[32m"btn-primary w-full mt-8 text-lg py-4 flex 
items-center justify-center gap-3 opacity-50 cursor-not-allowed grayscale"[39m
    [33mdisabled[39m=[32m""[39m
  [36m/>[39m

  --------------------------------------------------

Ignored nodes: comments, script, style
[36m<body>[39m
  [36m<div>[39m
    [36m<div[39m
      [33mclass[39m=[32m"space-y-8 animate-fade-in pb-20"[39m
    [36m>[39m
      [36m<div>[39m
        [36m<h1[39m
          [33mclass[39m=[32m"text-4xl font-bold mb-2"[39m
        [36m>[39m
          [36m<span[39m
            [33mclass[39m=[32m"gradient-text"[39m
          [36m>[39m
            [0mIngest[0m
          [36m</span>[39m
          [0m Media[0m
        [36m</h1>[39m
        [36m<p[39m
          [33mclass[39m=[32m"text-slate-400 text-lg"[39m
        [36m>[39m
          [0mImport photos and videos into your canonical archive[0m
        [36m</p>[39m
      [36m</div>[39m
      [36m<div[39m
        [33mclass[39m=[32m"grid grid-cols-1 lg:grid-cols-2 gap-8"[39m
      [36m>[39m
        [36m<div[39m
          [33mclass[39m=[32m"space-y-8"[39m
        [36m>[39m
          [36m<div[39m
            [33mclass[39m=[32m"glass-card p-8"[39m
          [36m>[39m
            [36m<h2[39m
              [33mclass[39m=[32m"text-xl font-bold mb-6 flex items-center 
gap-2"[39m
            [36m>[39m
              [36m<span[39m
                [33mclass[39m=[32m"w-8 h-8 rounded-full bg-slate-700 flex 
items-center justify-center text-sm"[39m
              [36m>[39m
                [0m1[0m
              [36m</span>[39m
              [0mSource Type[0m
            [36m</h2>[39m
            [36m<div[39m
              [33mclass[39m=[32m"grid grid-cols-3 gap-3 mb-6"[39m
            [36m>[39m
              [36m<button[39m
                [33mclass[39m=[32m"flex flex-col items-center gap-2 p-3 
rounded-lg border transition-all bg-purple-500/20 border-purple-500 
text-purple-200"[39m
              [36m>[39m
                [36m<svg[39m
                  [33maria-hidden[39m=[32m"true"[39m
                  [33mclass[39m=[32m"lucide lucide-hard-drive w-5 h-5"[39m
                  [33mfill[39m=[32m"none"[39m
                  [33mheight[39m=[32m"24"[39m
                  [33mstroke[39m=[32m"currentColor"[39m
                  [33mstroke-linecap[39m=[32m"round"[39m
                  [33mstroke-linejoin[39m=[32m"round"[39m
                  [33mstroke-width[39m=[32m"2"[39m
                  [33mviewBox[39m=[32m"0 0 24 24"[39m
                  [33mwidth[39m=[32m"24"[39m
                  [33mxmlns[39m=[32m"http://www.w3.org/2000/svg"[39m
                [36m>[39m
                  [36m<line[39m
                    [33mx1[39m=[32m"22"[39m
                    [33mx2[39m=[32m"2"[39m
                    [33my1[39m=[32m"12"[39m
                    [33my2[39m=[32m"12"[39m
                  [36m/>[39m
                  [36m<path[39m
                    [33md[39m=[32m"M5.45 5.11 2 12v6a2 2 0 0 0 2 2h16a2 2 0 
0 0 2-2v-6l-3.45-6.89A2 2 0 0 0 16.76 4H7.24a2 2 0 0 0-1.79 1.11z"[39m
                  [36m/>[39m
                  [36m<line[39m
                    [33mx1[39m=[32m"6"[39m
                    [33mx2[39m=[32m"6.01"[39m
                    [33my1[39m=[32m"16"[39m
                    [33my2[39m=[32m"16"[39m
                  [36m/>[39m
                  [36m<line[39m
                    [33mx1[39m=[32m"10"[39m
                    [33mx2[39m=[32m"10.01"[39m
                    [33my1[39m=[32m"16"[39m
                    [33my2[39m=[32m"16"[39m
                  [36m/>[39m
                [36m</svg>[39m
                [36m<span[39m
                  [33mclass[39m=[32m"text-xs font-semibold"[39m
                [36m>[39m
                  [0mLocal[0m
                [36m</span>[39m
              [36m</button>[39m
              [36m<button[39m
                [33mclass[39m=[32m"flex flex-col items-center gap-2 p-3 
rounded-lg border transition-all bg-slate-800/30 border-slate-700 
text-slate-400 hover:border-slate-600"[39m
              [36m>[39m
                [36m<svg[39m
                  [33maria-hidden[39m=[32m"true"[39m
                  [33mclass[39m=[32m"lucide lucide-image w-5 h-5"[39m
                  [33mfill[39m=[32m"none"[39m
                  [33mheight[39m=[32m"24"[39m
                  [33mstroke[39m=[32m"currentColor"[39m
                  [33mstroke-linecap[39m=[32m"round"[39m
                  [33mstroke-linejoin[39m=[32m"round"[39m
                  [33mstroke-width[39m=[32m"2"[39m
                  [33mviewBox[39m=[32m"0 0 24 24"[39m
                  [33mwidth[39m=[32m"24"[39m
                  [33mxmlns[39m=[32m"http://www.w3.org/2000/svg"[39m
                [36m>[39m
                  [36m<rect[39m
                    [33mheight[39m=[32m"18"[39m
                    [33mrx[39m=[32m"2"[39m
                    [33mry[39m=[32m"2"[39m
                    [33mwidth[39m=[32m"18"[39m
                    [33mx[39m=[32m"3"[39m
                    [33my[39m=[32m"3"[39m
                  [36m/>[39m
                  [36m<circle[39m
                    [33mcx[39m=[32m"9"[39m
                    [33mcy[39m=[32m"9"[39m
                    [33mr[39m=[32m"2"[39m
                  [36m/>[39m
                  [36m<path[39m
                    [33md[39m=[32m"m21 15-3.086-3.086a2 2 0 0 0-2.828 0L6 
21"[39m
                  [36m/>[39m
                [36m</svg>[39m
                [36m<span[39m
                  [33mclass[39m=[32m"text-xs font-semibold"[39m
                [36m>[39m
                  [0mGoogle[0m
                [36m</span>[39m
              [36m</button>[39m
              [36m<button[39m
                [33mclass[39m=[32m"flex flex-col items-center gap-2 p-3 
rounded-lg border transition-all bg-slate-800/30 border-slate-700 
text-slate-400 hover:border-slate-600"[39m
              [36m>[39m
                [36m<svg[39m
                  [33maria-hidden[39m=[32m"true"[39m
                  [33mclass[39m=[32m"lucide lucide-cloud w-5 h-5"[39m
                  [33mfill[39m=[32m"none"[39m
                  [33mheight[39m=[32m"24"[39m
                  [33mstroke[39m=[32m"currentColor"[39m
                  [33mstroke-linecap[39m=[32m"round"[39m
                  [33mstroke-linejoin[39m=[32m"round"[39m
                  [33mstroke-width[39m=[32m"2"[39m
                  [33mviewBox[39m=[32m"0 0 24 24"[39m
                  [33mwidth[39m=[32m"24"[39m
                  [33mxmlns[39m=[32m"http://www.w3.org/2000/svg"[39m
                [36m>[39m
                  [36m<path[39m
                    [33md[39m=[32m"M17.5 19H9a7 7 0 1 1 6.71-9h1.79a4.5 4.5 
0 1 1 0 9Z"[39m
                  [36m/>[39m
                [36m</svg>[39m
                [36m<span[39m
                  [33mclass[39m=[32m"text-xs font-semibold"[39m
                [36m>[39m
                  [0miCloud[0m
                [36m</span>[39m
...
[90m [2mΓ¥»[22m Object.getElementError 
node_modules/@testing-library/dom/dist/config.js:[2m37:19[22m[39m
[90m [2mΓ¥»[22m 
node_modules/@testing-library/dom/dist/query-helpers.js:[2m76:38[22m[39m
[90m [2mΓ¥»[22m 
node_modules/@testing-library/dom/dist/query-helpers.js:[2m52:17[22m[39m
[90m [2mΓ¥»[22m 
node_modules/@testing-library/dom/dist/query-helpers.js:[2m95:19[22m[39m
[36m [2mΓ¥»[22m src/pages/__tests__/Ingest.test.tsx:[2m176:40[22m[39m
    [90m174| [39m            [34mrenderIngest[39m()[33m;[39m
    [90m175| [39m
    [90m176| [39m            const startButton = screen.getByRole('button', 
{ name: /stΓÇª
    [90m   | [39m                                       [31m^[39m
    [90m177| [39m            
[34mexpect[39m(startButton)[33m.[39m[34mtoBeDisabled[39m()[33m;[39m
    [90m178| [39m        })[33m;[39m

[31m[2mΓÄ»ΓÄ»ΓÄ»ΓÄ»ΓÄ»ΓÄ»ΓÄ»ΓÄ»ΓÄ»ΓÄ»ΓÄ»ΓÄ»ΓÄ»ΓÄ»ΓÄ»ΓÄ»ΓÄ»ΓÄ»ΓÄ»ΓÄ»ΓÄ»ΓÄ»ΓÄ»[
7/13]ΓÄ»[22m[39m

[41m[1m FAIL [22m[49m src/pages/__tests__/Ingest.test.tsx[2m > 
[22mIngest[2m > [22mLog Panel[2m > [22mrenders the log panel with toggle 
button
[31m[1mTestingLibraryElementError[22m[39m: Unable to find an element with 
the text: /Logs/. This could be because the text is broken up by multiple 
elements. In this case, you can provide a function for your text matcher to 
make your matcher more flexible.

Ignored nodes: comments, script, style
[36m<body>[39m
  [36m<div>[39m
    [36m<div[39m
      [33mclass[39m=[32m"space-y-8 animate-fade-in pb-20"[39m
    [36m>[39m
      [36m<div>[39m
        [36m<h1[39m
          [33mclass[39m=[32m"text-4xl font-bold mb-2"[39m
        [36m>[39m
          [36m<span[39m
            [33mclass[39m=[32m"gradient-text"[39m
          [36m>[39m
            [0mIngest[0m
          [36m</span>[39m
          [0m Media[0m
        [36m</h1>[39m
        [36m<p[39m
          [33mclass[39m=[32m"text-slate-400 text-lg"[39m
        [36m>[39m
          [0mImport photos and videos into your canonical archive[0m
        [36m</p>[39m
      [36m</div>[39m
      [36m<div[39m
        [33mclass[39m=[32m"grid grid-cols-1 lg:grid-cols-2 gap-8"[39m
      [36m>[39m
        [36m<div[39m
          [33mclass[39m=[32m"space-y-8"[39m
        [36m>[39m
          [36m<div[39m
            [33mclass[39m=[32m"glass-card p-8"[39m
          [36m>[39m
            [36m<h2[39m
              [33mclass[39m=[32m"text-xl font-bold mb-6 flex items-center 
gap-2"[39m
            [36m>[39m
              [36m<span[39m
                [33mclass[39m=[32m"w-8 h-8 rounded-full bg-slate-700 flex 
items-center justify-center text-sm"[39m
              [36m>[39m
                [0m1[0m
              [36m</span>[39m
              [0mSource Type[0m
            [36m</h2>[39m
            [36m<div[39m
              [33mclass[39m=[32m"grid grid-cols-3 gap-3 mb-6"[39m
            [36m>[39m
              [36m<button[39m
                [33mclass[39m=[32m"flex flex-col items-center gap-2 p-3 
rounded-lg border transition-all bg-purple-500/20 border-purple-500 
text-purple-200"[39m
              [36m>[39m
                [36m<svg[39m
                  [33maria-hidden[39m=[32m"true"[39m
                  [33mclass[39m=[32m"lucide lucide-hard-drive w-5 h-5"[39m
                  [33mfill[39m=[32m"none"[39m
                  [33mheight[39m=[32m"24"[39m
                  [33mstroke[39m=[32m"currentColor"[39m
                  [33mstroke-linecap[39m=[32m"round"[39m
                  [33mstroke-linejoin[39m=[32m"round"[39m
                  [33mstroke-width[39m=[32m"2"[39m
                  [33mviewBox[39m=[32m"0 0 24 24"[39m
                  [33mwidth[39m=[32m"24"[39m
                  [33mxmlns[39m=[32m"http://www.w3.org/2000/svg"[39m
                [36m>[39m
                  [36m<line[39m
                    [33mx1[39m=[32m"22"[39m
                    [33mx2[39m=[32m"2"[39m
                    [33my1[39m=[32m"12"[39m
                    [33my2[39m=[32m"12"[39m
                  [36m/>[39m
                  [36m<path[39m
                    [33md[39m=[32m"M5.45 5.11 2 12v6a2 2 0 0 0 2 2h16a2 2 0 
0 0 2-2v-6l-3.45-6.89A2 2 0 0 0 16.76 4H7.24a2 2 0 0 0-1.79 1.11z"[39m
                  [36m/>[39m
                  [36m<line[39m
                    [33mx1[39m=[32m"6"[39m
                    [33mx2[39m=[32m"6.01"[39m
                    [33my1[39m=[32m"16"[39m
                    [33my2[39m=[32m"16"[39m
                  [36m/>[39m
                  [36m<line[39m
                    [33mx1[39m=[32m"10"[39m
                    [33mx2[39m=[32m"10.01"[39m
                    [33my1[39m=[32m"16"[39m
                    [33my2[39m=[32m"16"[39m
                  [36m/>[39m
                [36m</svg>[39m
                [36m<span[39m
                  [33mclass[39m=[32m"text-xs font-semibold"[39m
                [36m>[39m
                  [0mLocal[0m
                [36m</span>[39m
              [36m</button>[39m
              [36m<button[39m
                [33mclass[39m=[32m"flex flex-col items-center gap-2 p-3 
rounded-lg border transition-all bg-slate-800/30 border-slate-700 
text-slate-400 hover:border-slate-600"[39m
              [36m>[39m
                [36m<svg[39m
                  [33maria-hidden[39m=[32m"true"[39m
                  [33mclass[39m=[32m"lucide lucide-image w-5 h-5"[39m
                  [33mfill[39m=[32m"none"[39m
                  [33mheight[39m=[32m"24"[39m
                  [33mstroke[39m=[32m"currentColor"[39m
                  [33mstroke-linecap[39m=[32m"round"[39m
                  [33mstroke-linejoin[39m=[32m"round"[39m
                  [33mstroke-width[39m=[32m"2"[39m
                  [33mviewBox[39m=[32m"0 0 24 24"[39m
                  [33mwidth[39m=[32m"24"[39m
                  [33mxmlns[39m=[32m"http://www.w3.org/2000/svg"[39m
                [36m>[39m
                  [36m<rect[39m
                    [33mheight[39m=[32m"18"[39m
                    [33mrx[39m=[32m"2"[39m
                    [33mry[39m=[32m"2"[39m
                    [33mwidth[39m=[32m"18"[39m
                    [33mx[39m=[32m"3"[39m
                    [33my[39m=[32m"3"[39m
                  [36m/>[39m
                  [36m<circle[39m
                    [33mcx[39m=[32m"9"[39m
                    [33mcy[39m=[32m"9"[39m
                    [33mr[39m=[32m"2"[39m
                  [36m/>[39m
                  [36m<path[39m
                    [33md[39m=[32m"m21 15-3.086-3.086a2 2 0 0 0-2.828 0L6 
21"[39m
                  [36m/>[39m
                [36m</svg>[39m
                [36m<span[39m
                  [33mclass[39m=[32m"text-xs font-semibold"[39m
                [36m>[39m
                  [0mGoogle[0m
                [36m</span>[39m
              [36m</button>[39m
              [36m<button[39m
                [33mclass[39m=[32m"flex flex-col items-center gap-2 p-3 
rounded-lg border transition-all bg-slate-800/30 border-slate-700 
text-slate-400 hover:border-slate-600"[39m
              [36m>[39m
                [36m<svg[39m
                  [33maria-hidden[39m=[32m"true"[39m
                  [33mclass[39m=[32m"lucide lucide-cloud w-5 h-5"[39m
                  [33mfill[39m=[32m"none"[39m
                  [33mheight[39m=[32m"24"[39m
                  [33mstroke[39m=[32m"currentColor"[39m
                  [33mstroke-linecap[39m=[32m"round"[39m
                  [33mstroke-linejoin[39m=[32m"round"[39m
                  [33mstroke-width[39m=[32m"2"[39m
                  [33mviewBox[39m=[32m"0 0 24 24"[39m
                  [33mwidth[39m=[32m"24"[39m
                  [33mxmlns[39m=[32m"http://www.w3.org/2000/svg"[39m
                [36m>[39m
                  [36m<path[39m
                    [33md[39m=[32m"M17.5 19H9a7 7 0 1 1 6.71-9h1.79a4.5 4.5 
0 1 1 0 9Z"[39m
                  [36m/>[39m
                [36m</svg>[39m
                [36m<span[39m
                  [33mclass[39m=[32m"text-xs font-semibold"[39m
                [36m>[39m
                  [0miCloud[0m
                [36m</span>[39m
...
[90m [2mΓ¥»[22m Object.getElementError 
node_modules/@testing-library/dom/dist/config.js:[2m37:19[22m[39m
[90m [2mΓ¥»[22m 
node_modules/@testing-library/dom/dist/query-helpers.js:[2m76:38[22m[39m
[90m [2mΓ¥»[22m 
node_modules/@testing-library/dom/dist/query-helpers.js:[2m52:17[22m[39m
[90m [2mΓ¥»[22m 
node_modules/@testing-library/dom/dist/query-helpers.js:[2m95:19[22m[39m
[36m [2mΓ¥»[22m src/pages/__tests__/Ingest.test.tsx:[2m185:27[22m[39m
    [90m183| [39m            [34mrenderIngest[39m()[33m;[39m
    [90m184| [39m
    [90m185| [39m            [34mexpect[39m(screen[33m.[39m[34mgetByText
[39m([36m/Logs/[39m))[33m.[39m[34mtoBeInTheDocument[39m()[33m;[39m
    [90m   | [39m                          [31m^[39m
    [90m186| [39m        })[33m;[39m
    [90m187| [39m

[31m[2mΓÄ»ΓÄ»ΓÄ»ΓÄ»ΓÄ»ΓÄ»ΓÄ»ΓÄ»ΓÄ»ΓÄ»ΓÄ»ΓÄ»ΓÄ»ΓÄ»ΓÄ»ΓÄ»ΓÄ»ΓÄ»ΓÄ»ΓÄ»ΓÄ»ΓÄ»ΓÄ»[
8/13]ΓÄ»[22m[39m

[41m[1m FAIL [22m[49m src/pages/__tests__/Ingest.test.tsx[2m > 
[22mIngest[2m > [22mLog Panel[2m > [22mcan toggle log panel visibility
[31m[1mTestingLibraryElementError[22m[39m: Unable to find an element with 
the text: /Logs/. This could be because the text is broken up by multiple 
elements. In this case, you can provide a function for your text matcher to 
make your matcher more flexible.

Ignored nodes: comments, script, style
[36m<body>[39m
  [36m<div>[39m
    [36m<div[39m
      [33mclass[39m=[32m"space-y-8 animate-fade-in pb-20"[39m
    [36m>[39m
      [36m<div>[39m
        [36m<h1[39m
          [33mclass[39m=[32m"text-4xl font-bold mb-2"[39m
        [36m>[39m
          [36m<span[39m
            [33mclass[39m=[32m"gradient-text"[39m
          [36m>[39m
            [0mIngest[0m
          [36m</span>[39m
          [0m Media[0m
        [36m</h1>[39m
        [36m<p[39m
          [33mclass[39m=[32m"text-slate-400 text-lg"[39m
        [36m>[39m
          [0mImport photos and videos into your canonical archive[0m
        [36m</p>[39m
      [36m</div>[39m
      [36m<div[39m
        [33mclass[39m=[32m"grid grid-cols-1 lg:grid-cols-2 gap-8"[39m
      [36m>[39m
        [36m<div[39m
          [33mclass[39m=[32m"space-y-8"[39m
        [36m>[39m
          [36m<div[39m
            [33mclass[39m=[32m"glass-card p-8"[39m
          [36m>[39m
            [36m<h2[39m
              [33mclass[39m=[32m"text-xl font-bold mb-6 flex items-center 
gap-2"[39m
            [36m>[39m
              [36m<span[39m
                [33mclass[39m=[32m"w-8 h-8 rounded-full bg-slate-700 flex 
items-center justify-center text-sm"[39m
              [36m>[39m
                [0m1[0m
              [36m</span>[39m
              [0mSource Type[0m
            [36m</h2>[39m
            [36m<div[39m
              [33mclass[39m=[32m"grid grid-cols-3 gap-3 mb-6"[39m
            [36m>[39m
              [36m<button[39m
                [33mclass[39m=[32m"flex flex-col items-center gap-2 p-3 
rounded-lg border transition-all bg-purple-500/20 border-purple-500 
text-purple-200"[39m
              [36m>[39m
                [36m<svg[39m
                  [33maria-hidden[39m=[32m"true"[39m
                  [33mclass[39m=[32m"lucide lucide-hard-drive w-5 h-5"[39m
                  [33mfill[39m=[32m"none"[39m
                  [33mheight[39m=[32m"24"[39m
                  [33mstroke[39m=[32m"currentColor"[39m
                  [33mstroke-linecap[39m=[32m"round"[39m
                  [33mstroke-linejoin[39m=[32m"round"[39m
                  [33mstroke-width[39m=[32m"2"[39m
                  [33mviewBox[39m=[32m"0 0 24 24"[39m
                  [33mwidth[39m=[32m"24"[39m
                  [33mxmlns[39m=[32m"http://www.w3.org/2000/svg"[39m
                [36m>[39m
                  [36m<line[39m
                    [33mx1[39m=[32m"22"[39m
                    [33mx2[39m=[32m"2"[39m
                    [33my1[39m=[32m"12"[39m
                    [33my2[39m=[32m"12"[39m
                  [36m/>[39m
                  [36m<path[39m
                    [33md[39m=[32m"M5.45 5.11 2 12v6a2 2 0 0 0 2 2h16a2 2 0 
0 0 2-2v-6l-3.45-6.89A2 2 0 0 0 16.76 4H7.24a2 2 0 0 0-1.79 1.11z"[39m
                  [36m/>[39m
                  [36m<line[39m
                    [33mx1[39m=[32m"6"[39m
                    [33mx2[39m=[32m"6.01"[39m
                    [33my1[39m=[32m"16"[39m
                    [33my2[39m=[32m"16"[39m
                  [36m/>[39m
                  [36m<line[39m
                    [33mx1[39m=[32m"10"[39m
                    [33mx2[39m=[32m"10.01"[39m
                    [33my1[39m=[32m"16"[39m
                    [33my2[39m=[32m"16"[39m
                  [36m/>[39m
                [36m</svg>[39m
                [36m<span[39m
                  [33mclass[39m=[32m"text-xs font-semibold"[39m
                [36m>[39m
                  [0mLocal[0m
                [36m</span>[39m
              [36m</button>[39m
              [36m<button[39m
                [33mclass[39m=[32m"flex flex-col items-center gap-2 p-3 
rounded-lg border transition-all bg-slate-800/30 border-slate-700 
text-slate-400 hover:border-slate-600"[39m
              [36m>[39m
                [36m<svg[39m
                  [33maria-hidden[39m=[32m"true"[39m
                  [33mclass[39m=[32m"lucide lucide-image w-5 h-5"[39m
                  [33mfill[39m=[32m"none"[39m
                  [33mheight[39m=[32m"24"[39m
                  [33mstroke[39m=[32m"currentColor"[39m
                  [33mstroke-linecap[39m=[32m"round"[39m
                  [33mstroke-linejoin[39m=[32m"round"[39m
                  [33mstroke-width[39m=[32m"2"[39m
                  [33mviewBox[39m=[32m"0 0 24 24"[39m
                  [33mwidth[39m=[32m"24"[39m
                  [33mxmlns[39m=[32m"http://www.w3.org/2000/svg"[39m
                [36m>[39m
                  [36m<rect[39m
                    [33mheight[39m=[32m"18"[39m
                    [33mrx[39m=[32m"2"[39m
                    [33mry[39m=[32m"2"[39m
                    [33mwidth[39m=[32m"18"[39m
                    [33mx[39m=[32m"3"[39m
                    [33my[39m=[32m"3"[39m
                  [36m/>[39m
                  [36m<circle[39m
                    [33mcx[39m=[32m"9"[39m
                    [33mcy[39m=[32m"9"[39m
                    [33mr[39m=[32m"2"[39m
                  [36m/>[39m
                  [36m<path[39m
                    [33md[39m=[32m"m21 15-3.086-3.086a2 2 0 0 0-2.828 0L6 
21"[39m
                  [36m/>[39m
                [36m</svg>[39m
                [36m<span[39m
                  [33mclass[39m=[32m"text-xs font-semibold"[39m
                [36m>[39m
                  [0mGoogle[0m
                [36m</span>[39m
              [36m</button>[39m
              [36m<button[39m
                [33mclass[39m=[32m"flex flex-col items-center gap-2 p-3 
rounded-lg border transition-all bg-slate-800/30 border-slate-700 
text-slate-400 hover:border-slate-600"[39m
              [36m>[39m
                [36m<svg[39m
                  [33maria-hidden[39m=[32m"true"[39m
                  [33mclass[39m=[32m"lucide lucide-cloud w-5 h-5"[39m
                  [33mfill[39m=[32m"none"[39m
                  [33mheight[39m=[32m"24"[39m
                  [33mstroke[39m=[32m"currentColor"[39m
                  [33mstroke-linecap[39m=[32m"round"[39m
                  [33mstroke-linejoin[39m=[32m"round"[39m
                  [33mstroke-width[39m=[32m"2"[39m
                  [33mviewBox[39m=[32m"0 0 24 24"[39m
                  [33mwidth[39m=[32m"24"[39m
                  [33mxmlns[39m=[32m"http://www.w3.org/2000/svg"[39m
                [36m>[39m
                  [36m<path[39m
                    [33md[39m=[32m"M17.5 19H9a7 7 0 1 1 6.71-9h1.79a4.5 4.5 
0 1 1 0 9Z"[39m
                  [36m/>[39m
                [36m</svg>[39m
                [36m<span[39m
                  [33mclass[39m=[32m"text-xs font-semibold"[39m
                [36m>[39m
                  [0miCloud[0m
                [36m</span>[39m
...
[90m [2mΓ¥»[22m Object.getElementError 
node_modules/@testing-library/dom/dist/config.js:[2m37:19[22m[39m
[90m [2mΓ¥»[22m 
node_modules/@testing-library/dom/dist/query-helpers.js:[2m76:38[22m[39m
[90m [2mΓ¥»[22m 
node_modules/@testing-library/dom/dist/query-helpers.js:[2m52:17[22m[39m
[90m [2mΓ¥»[22m 
node_modules/@testing-library/dom/dist/query-helpers.js:[2m95:19[22m[39m
[36m [2mΓ¥»[22m src/pages/__tests__/Ingest.test.tsx:[2m193:38[22m[39m
    [90m191| [39m
    [90m192| [39m            [90m// Find the log panel toggle (chevron 
button)[39m
    [90m193| [39m            const logHeader = 
screen.getByText(/Logs/).closest('buttonΓÇª
    [90m   | [39m                                     [31m^[39m
    [90m194| [39m            [35mif[39m (logHeader) {
    [90m195| [39m                [35mawait[39m 
user[33m.[39m[34mclick[39m(logHeader)[33m;[39m

[31m[2mΓÄ»ΓÄ»ΓÄ»ΓÄ»ΓÄ»ΓÄ»ΓÄ»ΓÄ»ΓÄ»ΓÄ»ΓÄ»ΓÄ»ΓÄ»ΓÄ»ΓÄ»ΓÄ»ΓÄ»ΓÄ»ΓÄ»ΓÄ»ΓÄ»ΓÄ»ΓÄ»[
9/13]ΓÄ»[22m[39m

[41m[1m FAIL [22m[49m src/pages/__tests__/Ingest.test.tsx[2m > 
[22mIngest[2m > [22mGoogle Photos Mode[2m > [22mshows zip file selection 
UI when Google Photos is selected
[31m[1mTestingLibraryElementError[22m[39m: Unable to find an element with 
the text: Google Photos. This could be because the text is broken up by 
multiple elements. In this case, you can provide a function for your text 
matcher to make your matcher more flexible.

Ignored nodes: comments, script, style
[36m<body>[39m
  [36m<div>[39m
    [36m<div[39m
      [33mclass[39m=[32m"space-y-8 animate-fade-in pb-20"[39m
    [36m>[39m
      [36m<div>[39m
        [36m<h1[39m
          [33mclass[39m=[32m"text-4xl font-bold mb-2"[39m
        [36m>[39m
          [36m<span[39m
            [33mclass[39m=[32m"gradient-text"[39m
          [36m>[39m
            [0mIngest[0m
          [36m</span>[39m
          [0m Media[0m
        [36m</h1>[39m
        [36m<p[39m
          [33mclass[39m=[32m"text-slate-400 text-lg"[39m
        [36m>[39m
          [0mImport photos and videos into your canonical archive[0m
        [36m</p>[39m
      [36m</div>[39m
      [36m<div[39m
        [33mclass[39m=[32m"grid grid-cols-1 lg:grid-cols-2 gap-8"[39m
      [36m>[39m
        [36m<div[39m
          [33mclass[39m=[32m"space-y-8"[39m
        [36m>[39m
          [36m<div[39m
            [33mclass[39m=[32m"glass-card p-8"[39m
          [36m>[39m
            [36m<h2[39m
              [33mclass[39m=[32m"text-xl font-bold mb-6 flex items-center 
gap-2"[39m
            [36m>[39m
              [36m<span[39m
                [33mclass[39m=[32m"w-8 h-8 rounded-full bg-slate-700 flex 
items-center justify-center text-sm"[39m
              [36m>[39m
                [0m1[0m
              [36m</span>[39m
              [0mSource Type[0m
            [36m</h2>[39m
            [36m<div[39m
              [33mclass[39m=[32m"grid grid-cols-3 gap-3 mb-6"[39m
            [36m>[39m
              [36m<button[39m
                [33mclass[39m=[32m"flex flex-col items-center gap-2 p-3 
rounded-lg border transition-all bg-purple-500/20 border-purple-500 
text-purple-200"[39m
              [36m>[39m
                [36m<svg[39m
                  [33maria-hidden[39m=[32m"true"[39m
                  [33mclass[39m=[32m"lucide lucide-hard-drive w-5 h-5"[39m
                  [33mfill[39m=[32m"none"[39m
                  [33mheight[39m=[32m"24"[39m
                  [33mstroke[39m=[32m"currentColor"[39m
                  [33mstroke-linecap[39m=[32m"round"[39m
                  [33mstroke-linejoin[39m=[32m"round"[39m
                  [33mstroke-width[39m=[32m"2"[39m
                  [33mviewBox[39m=[32m"0 0 24 24"[39m
                  [33mwidth[39m=[32m"24"[39m
                  [33mxmlns[39m=[32m"http://www.w3.org/2000/svg"[39m
                [36m>[39m
                  [36m<line[39m
                    [33mx1[39m=[32m"22"[39m
                    [33mx2[39m=[32m"2"[39m
                    [33my1[39m=[32m"12"[39m
                    [33my2[39m=[32m"12"[39m
                  [36m/>[39m
                  [36m<path[39m
                    [33md[39m=[32m"M5.45 5.11 2 12v6a2 2 0 0 0 2 2h16a2 2 0 
0 0 2-2v-6l-3.45-6.89A2 2 0 0 0 16.76 4H7.24a2 2 0 0 0-1.79 1.11z"[39m
                  [36m/>[39m
                  [36m<line[39m
                    [33mx1[39m=[32m"6"[39m
                    [33mx2[39m=[32m"6.01"[39m
                    [33my1[39m=[32m"16"[39m
                    [33my2[39m=[32m"16"[39m
                  [36m/>[39m
                  [36m<line[39m
                    [33mx1[39m=[32m"10"[39m
                    [33mx2[39m=[32m"10.01"[39m
                    [33my1[39m=[32m"16"[39m
                    [33my2[39m=[32m"16"[39m
                  [36m/>[39m
                [36m</svg>[39m
                [36m<span[39m
                  [33mclass[39m=[32m"text-xs font-semibold"[39m
                [36m>[39m
                  [0mLocal[0m
                [36m</span>[39m
              [36m</button>[39m
              [36m<button[39m
                [33mclass[39m=[32m"flex flex-col items-center gap-2 p-3 
rounded-lg border transition-all bg-slate-800/30 border-slate-700 
text-slate-400 hover:border-slate-600"[39m
              [36m>[39m
                [36m<svg[39m
                  [33maria-hidden[39m=[32m"true"[39m
                  [33mclass[39m=[32m"lucide lucide-image w-5 h-5"[39m
                  [33mfill[39m=[32m"none"[39m
                  [33mheight[39m=[32m"24"[39m
                  [33mstroke[39m=[32m"currentColor"[39m
                  [33mstroke-linecap[39m=[32m"round"[39m
                  [33mstroke-linejoin[39m=[32m"round"[39m
                  [33mstroke-width[39m=[32m"2"[39m
                  [33mviewBox[39m=[32m"0 0 24 24"[39m
                  [33mwidth[39m=[32m"24"[39m
                  [33mxmlns[39m=[32m"http://www.w3.org/2000/svg"[39m
                [36m>[39m
                  [36m<rect[39m
                    [33mheight[39m=[32m"18"[39m
                    [33mrx[39m=[32m"2"[39m
                    [33mry[39m=[32m"2"[39m
                    [33mwidth[39m=[32m"18"[39m
                    [33mx[39m=[32m"3"[39m
                    [33my[39m=[32m"3"[39m
                  [36m/>[39m
                  [36m<circle[39m
                    [33mcx[39m=[32m"9"[39m
                    [33mcy[39m=[32m"9"[39m
                    [33mr[39m=[32m"2"[39m
                  [36m/>[39m
                  [36m<path[39m
                    [33md[39m=[32m"m21 15-3.086-3.086a2 2 0 0 0-2.828 0L6 
21"[39m
                  [36m/>[39m
                [36m</svg>[39m
                [36m<span[39m
                  [33mclass[39m=[32m"text-xs font-semibold"[39m
                [36m>[39m
                  [0mGoogle[0m
                [36m</span>[39m
              [36m</button>[39m
              [36m<button[39m
                [33mclass[39m=[32m"flex flex-col items-center gap-2 p-3 
rounded-lg border transition-all bg-slate-800/30 border-slate-700 
text-slate-400 hover:border-slate-600"[39m
              [36m>[39m
                [36m<svg[39m
                  [33maria-hidden[39m=[32m"true"[39m
                  [33mclass[39m=[32m"lucide lucide-cloud w-5 h-5"[39m
                  [33mfill[39m=[32m"none"[39m
                  [33mheight[39m=[32m"24"[39m
                  [33mstroke[39m=[32m"currentColor"[39m
                  [33mstroke-linecap[39m=[32m"round"[39m
                  [33mstroke-linejoin[39m=[32m"round"[39m
                  [33mstroke-width[39m=[32m"2"[39m
                  [33mviewBox[39m=[32m"0 0 24 24"[39m
                  [33mwidth[39m=[32m"24"[39m
                  [33mxmlns[39m=[32m"http://www.w3.org/2000/svg"[39m
                [36m>[39m
                  [36m<path[39m
                    [33md[39m=[32m"M17.5 19H9a7 7 0 1 1 6.71-9h1.79a4.5 4.5 
0 1 1 0 9Z"[39m
                  [36m/>[39m
                [36m</svg>[39m
                [36m<span[39m
                  [33mclass[39m=[32m"text-xs font-semibold"[39m
                [36m>[39m
                  [0miCloud[0m
                [36m</span>[39m
...
[90m [2mΓ¥»[22m Object.getElementError 
node_modules/@testing-library/dom/dist/config.js:[2m37:19[22m[39m
[90m [2mΓ¥»[22m 
node_modules/@testing-library/dom/dist/query-helpers.js:[2m76:38[22m[39m
[90m [2mΓ¥»[22m 
node_modules/@testing-library/dom/dist/query-helpers.js:[2m52:17[22m[39m
[90m [2mΓ¥»[22m 
node_modules/@testing-library/dom/dist/query-helpers.js:[2m95:19[22m[39m
[36m [2mΓ¥»[22m src/pages/__tests__/Ingest.test.tsx:[2m207:44[22m[39m
    [90m205| [39m            [34mrenderIngest[39m()[33m;[39m
    [90m206| [39m
    [90m207| [39m            const googlePhotosBtn = 
screen.getByText('Google Photos').ΓÇª
    [90m   | [39m                                           [31m^[39m
    [90m208| [39m            [35mif[39m (googlePhotosBtn) {
    [90m209| [39m                [35mawait[39m 
user[33m.[39m[34mclick[39m(googlePhotosBtn)[33m;[39m

[31m[2mΓÄ»ΓÄ»ΓÄ»ΓÄ»ΓÄ»ΓÄ»ΓÄ»ΓÄ»ΓÄ»ΓÄ»ΓÄ»ΓÄ»ΓÄ»ΓÄ»ΓÄ»ΓÄ»ΓÄ»ΓÄ»ΓÄ»ΓÄ»ΓÄ»ΓÄ»[10/
13]ΓÄ»[22m[39m

[41m[1m FAIL [22m[49m src/pages/__tests__/Settings.test.tsx[2m > 
[22mSettings[2m > [22mRendering[2m > [22mrenders the settings header
[31m[1mTestingLibraryElementError[22m[39m: Unable to find an element with 
the text: Configuration. This could be because the text is broken up by 
multiple elements. In this case, you can provide a function for your text 
matcher to make your matcher more flexible.

Ignored nodes: comments, script, style
[36m<body>[39m
  [36m<div>[39m
    [36m<div[39m
      [33mclass[39m=[32m"space-y-8 animate-fade-in pb-20"[39m
    [36m>[39m
      [36m<div>[39m
        [36m<h2[39m
          [33mclass[39m=[32m"text-3xl font-bold mb-2"[39m
        [36m>[39m
          [0mSettings[0m
        [36m</h2>[39m
        [36m<p[39m
          [33mclass[39m=[32m"text-slate-400"[39m
        [36m>[39m
          [0mConfigure external tools and connections[0m
        [36m</p>[39m
      [36m</div>[39m
      [36m<div[39m
        [33mclass[39m=[32m"glass-card p-8"[39m
      [36m>[39m
        [36m<div[39m
          [33mclass[39m=[32m"flex items-center justify-between mb-6"[39m
        [36m>[39m
          [36m<div[39m
            [33mclass[39m=[32m"flex items-center gap-3"[39m
          [36m>[39m
            [36m<div[39m
              [33mclass[39m=[32m"p-2 rounded-lg bg-green-500/20"[39m
            [36m>[39m
              [36m<svg[39m
                [33maria-hidden[39m=[32m"true"[39m
                [33mclass[39m=[32m"lucide lucide-package w-5 h-5 
text-green-400"[39m
                [33mfill[39m=[32m"none"[39m
                [33mheight[39m=[32m"24"[39m
                [33mstroke[39m=[32m"currentColor"[39m
                [33mstroke-linecap[39m=[32m"round"[39m
                [33mstroke-linejoin[39m=[32m"round"[39m
                [33mstroke-width[39m=[32m"2"[39m
                [33mviewBox[39m=[32m"0 0 24 24"[39m
                [33mwidth[39m=[32m"24"[39m
                [33mxmlns[39m=[32m"http://www.w3.org/2000/svg"[39m
              [36m>[39m
                [36m<path[39m
                  [33md[39m=[32m"M11 21.73a2 2 0 0 0 2 0l7-4A2 2 0 0 0 21 
16V8a2 2 0 0 0-1-1.73l-7-4a2 2 0 0 0-2 0l-7 4A2 2 0 0 0 3 8v8a2 2 0 0 0 1 
1.73z"[39m
                [36m/>[39m
                [36m<path[39m
                  [33md[39m=[32m"M12 22V12"[39m
                [36m/>[39m
                [36m<polyline[39m
                  [33mpoints[39m=[32m"3.29 7 12 12 20.71 7"[39m
                [36m/>[39m
                [36m<path[39m
                  [33md[39m=[32m"m7.5 4.27 9 5.15"[39m
                [36m/>[39m
              [36m</svg>[39m
            [36m</div>[39m
            [36m<h2[39m
              [33mclass[39m=[32m"text-2xl font-bold"[39m
            [36m>[39m
              [0mSystem Prerequisites[0m
            [36m</h2>[39m
          [36m</div>[39m
          [36m<button[39m
            [33mclass[39m=[32m"p-2 hover:bg-slate-800 rounded-lg 
text-slate-400 hover:text-white transition-colors"[39m
            [33mdisabled[39m=[32m""[39m
            [33mtitle[39m=[32m"Recheck dependencies"[39m
          [36m>[39m
            [36m<svg[39m
              [33maria-hidden[39m=[32m"true"[39m
              [33mclass[39m=[32m"lucide lucide-refresh-cw w-5 h-5 
animate-spin"[39m
              [33mfill[39m=[32m"none"[39m
              [33mheight[39m=[32m"24"[39m
              [33mstroke[39m=[32m"currentColor"[39m
              [33mstroke-linecap[39m=[32m"round"[39m
              [33mstroke-linejoin[39m=[32m"round"[39m
              [33mstroke-width[39m=[32m"2"[39m
              [33mviewBox[39m=[32m"0 0 24 24"[39m
              [33mwidth[39m=[32m"24"[39m
              [33mxmlns[39m=[32m"http://www.w3.org/2000/svg"[39m
            [36m>[39m
              [36m<path[39m
                [33md[39m=[32m"M3 12a9 9 0 0 1 9-9 9.75 9.75 0 0 1 6.74 
2.74L21 8"[39m
              [36m/>[39m
              [36m<path[39m
                [33md[39m=[32m"M21 3v5h-5"[39m
              [36m/>[39m
              [36m<path[39m
                [33md[39m=[32m"M21 12a9 9 0 0 1-9 9 9.75 9.75 0 0 
1-6.74-2.74L3 16"[39m
              [36m/>[39m
              [36m<path[39m
                [33md[39m=[32m"M8 16H3v5"[39m
              [36m/>[39m
            [36m</svg>[39m
          [36m</button>[39m
        [36m</div>[39m
        [36m<div[39m
          [33mclass[39m=[32m"space-y-4"[39m
        [36m>[39m
          [36m<div[39m
            [33mclass[39m=[32m"flex items-center justify-between p-4 
rounded-xl bg-slate-800/50"[39m
          [36m>[39m
            [36m<div[39m
              [33mclass[39m=[32m"flex items-center gap-3"[39m
            [36m>[39m
              [36m<div[39m
                [33mclass[39m=[32m"p-2 rounded-lg bg-yellow-500/20"[39m
              [36m>[39m
                [36m<svg[39m
                  [33maria-hidden[39m=[32m"true"[39m
                  [33mclass[39m=[32m"lucide lucide-package w-5 h-5 
text-yellow-400"[39m
                  [33mfill[39m=[32m"none"[39m
                  [33mheight[39m=[32m"24"[39m
                  [33mstroke[39m=[32m"currentColor"[39m
                  [33mstroke-linecap[39m=[32m"round"[39m
                  [33mstroke-linejoin[39m=[32m"round"[39m
                  [33mstroke-width[39m=[32m"2"[39m
                  [33mviewBox[39m=[32m"0 0 24 24"[39m
                  [33mwidth[39m=[32m"24"[39m
                  [33mxmlns[39m=[32m"http://www.w3.org/2000/svg"[39m
                [36m>[39m
                  [36m<path[39m
                    [33md[39m=[32m"M11 21.73a2 2 0 0 0 2 0l7-4A2 2 0 0 0 21 
16V8a2 2 0 0 0-1-1.73l-7-4a2 2 0 0 0-2 0l-7 4A2 2 0 0 0 3 8v8a2 2 0 0 0 1 
1.73z"[39m
                  [36m/>[39m
                  [36m<path[39m
                    [33md[39m=[32m"M12 22V12"[39m
                  [36m/>[39m
                  [36m<polyline[39m
                    [33mpoints[39m=[32m"3.29 7 12 12 20.71 7"[39m
                  [36m/>[39m
                  [36m<path[39m
                    [33md[39m=[32m"m7.5 4.27 9 5.15"[39m
                  [36m/>[39m
                [36m</svg>[39m
              [36m</div>[39m
              [36m<div>[39m
                [36m<div[39m
                  [33mclass[39m=[32m"flex items-center gap-2"[39m
                [36m>[39m
                  [36m<h3[39m
                    [33mclass[39m=[32m"font-semibold"[39m
                  [36m>[39m
                    [0mPhockup[0m
                  [36m</h3>[39m
                  [36m<button[39m
                    [33mclass[39m=[32m"text-xs text-blue-400 
hover:text-blue-300 flex items-center gap-0.5"[39m
                  [36m>[39m
                    [36m<svg[39m
                      [33maria-hidden[39m=[32m"true"[39m
                      [33mclass[39m=[32m"lucide lucide-external-link w-3 
h-3"[39m
                      [33mfill[39m=[32m"none"[39m
                      [33mheight[39m=[32m"24"[39m
                      [33mstroke[39m=[32m"currentColor"[39m
                      [33mstroke-linecap[39m=[32m"round"[39m
                      [33mstroke-linejoin[39m=[32m"round"[39m
                     ...
[90m [2mΓ¥»[22m Object.getElementError 
node_modules/@testing-library/dom/dist/config.js:[2m37:19[22m[39m
[90m [2mΓ¥»[22m 
node_modules/@testing-library/dom/dist/query-helpers.js:[2m76:38[22m[39m
[90m [2mΓ¥»[22m 
node_modules/@testing-library/dom/dist/query-helpers.js:[2m52:17[22m[39m
[90m [2mΓ¥»[22m 
node_modules/@testing-library/dom/dist/query-helpers.js:[2m95:19[22m[39m
[36m [2mΓ¥»[22m src/pages/__tests__/Settings.test.tsx:[2m76:27[22m[39m
    [90m 74| [39m
    [90m 75| [39m            [34mexpect[39m(screen[33m.[39m[34mgetByText
[39m([32m'Settings'[39m))[33m.[39m[34mtoBeInTheDocument[39m()[33m;[39m
    [90m 76| [39m            
expect(screen.getByText('Configuration')).toBeInTheDocumenΓÇª
    [90m   | [39m                          [31m^[39m
    [90m 77| [39m        })[33m;[39m
    [90m 78| [39m

[31m[2mΓÄ»ΓÄ»ΓÄ»ΓÄ»ΓÄ»ΓÄ»ΓÄ»ΓÄ»ΓÄ»ΓÄ»ΓÄ»ΓÄ»ΓÄ»ΓÄ»ΓÄ»ΓÄ»ΓÄ»ΓÄ»ΓÄ»ΓÄ»ΓÄ»ΓÄ»[11/
13]ΓÄ»[22m[39m

[41m[1m FAIL [22m[49m src/pages/__tests__/Settings.test.tsx[2m > 
[22mSettings[2m > [22mRendering[2m > [22mrenders all settings sections
[31m[1mTestingLibraryElementError[22m[39m: Unable to find an element with 
the text: Archive Location. This could be because the text is broken up by 
multiple elements. In this case, you can provide a function for your text 
matcher to make your matcher more flexible.

Ignored nodes: comments, script, style
[36m<body>[39m
  [36m<div>[39m
    [36m<div[39m
      [33mclass[39m=[32m"space-y-8 animate-fade-in pb-20"[39m
    [36m>[39m
      [36m<div>[39m
        [36m<h2[39m
          [33mclass[39m=[32m"text-3xl font-bold mb-2"[39m
        [36m>[39m
          [0mSettings[0m
        [36m</h2>[39m
        [36m<p[39m
          [33mclass[39m=[32m"text-slate-400"[39m
        [36m>[39m
          [0mConfigure external tools and connections[0m
        [36m</p>[39m
      [36m</div>[39m
      [36m<div[39m
        [33mclass[39m=[32m"glass-card p-8"[39m
      [36m>[39m
        [36m<div[39m
          [33mclass[39m=[32m"flex items-center justify-between mb-6"[39m
        [36m>[39m
          [36m<div[39m
            [33mclass[39m=[32m"flex items-center gap-3"[39m
          [36m>[39m
            [36m<div[39m
              [33mclass[39m=[32m"p-2 rounded-lg bg-green-500/20"[39m
            [36m>[39m
              [36m<svg[39m
                [33maria-hidden[39m=[32m"true"[39m
                [33mclass[39m=[32m"lucide lucide-package w-5 h-5 
text-green-400"[39m
                [33mfill[39m=[32m"none"[39m
                [33mheight[39m=[32m"24"[39m
                [33mstroke[39m=[32m"currentColor"[39m
                [33mstroke-linecap[39m=[32m"round"[39m
                [33mstroke-linejoin[39m=[32m"round"[39m
                [33mstroke-width[39m=[32m"2"[39m
                [33mviewBox[39m=[32m"0 0 24 24"[39m
                [33mwidth[39m=[32m"24"[39m
                [33mxmlns[39m=[32m"http://www.w3.org/2000/svg"[39m
              [36m>[39m
                [36m<path[39m
                  [33md[39m=[32m"M11 21.73a2 2 0 0 0 2 0l7-4A2 2 0 0 0 21 
16V8a2 2 0 0 0-1-1.73l-7-4a2 2 0 0 0-2 0l-7 4A2 2 0 0 0 3 8v8a2 2 0 0 0 1 
1.73z"[39m
                [36m/>[39m
                [36m<path[39m
                  [33md[39m=[32m"M12 22V12"[39m
                [36m/>[39m
                [36m<polyline[39m
                  [33mpoints[39m=[32m"3.29 7 12 12 20.71 7"[39m
                [36m/>[39m
                [36m<path[39m
                  [33md[39m=[32m"m7.5 4.27 9 5.15"[39m
                [36m/>[39m
              [36m</svg>[39m
            [36m</div>[39m
            [36m<h2[39m
              [33mclass[39m=[32m"text-2xl font-bold"[39m
            [36m>[39m
              [0mSystem Prerequisites[0m
            [36m</h2>[39m
          [36m</div>[39m
          [36m<button[39m
            [33mclass[39m=[32m"p-2 hover:bg-slate-800 rounded-lg 
text-slate-400 hover:text-white transition-colors"[39m
            [33mtitle[39m=[32m"Recheck dependencies"[39m
          [36m>[39m
            [36m<svg[39m
              [33maria-hidden[39m=[32m"true"[39m
              [33mclass[39m=[32m"lucide lucide-refresh-cw w-5 h-5"[39m
              [33mfill[39m=[32m"none"[39m
              [33mheight[39m=[32m"24"[39m
              [33mstroke[39m=[32m"currentColor"[39m
              [33mstroke-linecap[39m=[32m"round"[39m
              [33mstroke-linejoin[39m=[32m"round"[39m
              [33mstroke-width[39m=[32m"2"[39m
              [33mviewBox[39m=[32m"0 0 24 24"[39m
              [33mwidth[39m=[32m"24"[39m
              [33mxmlns[39m=[32m"http://www.w3.org/2000/svg"[39m
            [36m>[39m
              [36m<path[39m
                [33md[39m=[32m"M3 12a9 9 0 0 1 9-9 9.75 9.75 0 0 1 6.74 
2.74L21 8"[39m
              [36m/>[39m
              [36m<path[39m
                [33md[39m=[32m"M21 3v5h-5"[39m
              [36m/>[39m
              [36m<path[39m
                [33md[39m=[32m"M21 12a9 9 0 0 1-9 9 9.75 9.75 0 0 
1-6.74-2.74L3 16"[39m
              [36m/>[39m
              [36m<path[39m
                [33md[39m=[32m"M8 16H3v5"[39m
              [36m/>[39m
            [36m</svg>[39m
          [36m</button>[39m
        [36m</div>[39m
        [36m<div[39m
          [33mclass[39m=[32m"space-y-4"[39m
        [36m>[39m
          [36m<div[39m
            [33mclass[39m=[32m"flex items-center justify-between p-4 
rounded-xl bg-slate-800/50"[39m
          [36m>[39m
            [36m<div[39m
              [33mclass[39m=[32m"flex items-center gap-3"[39m
            [36m>[39m
              [36m<div[39m
                [33mclass[39m=[32m"p-2 rounded-lg bg-yellow-500/20"[39m
              [36m>[39m
                [36m<svg[39m
                  [33maria-hidden[39m=[32m"true"[39m
                  [33mclass[39m=[32m"lucide lucide-package w-5 h-5 
text-yellow-400"[39m
                  [33mfill[39m=[32m"none"[39m
                  [33mheight[39m=[32m"24"[39m
                  [33mstroke[39m=[32m"currentColor"[39m
                  [33mstroke-linecap[39m=[32m"round"[39m
                  [33mstroke-linejoin[39m=[32m"round"[39m
                  [33mstroke-width[39m=[32m"2"[39m
                  [33mviewBox[39m=[32m"0 0 24 24"[39m
                  [33mwidth[39m=[32m"24"[39m
                  [33mxmlns[39m=[32m"http://www.w3.org/2000/svg"[39m
                [36m>[39m
                  [36m<path[39m
                    [33md[39m=[32m"M11 21.73a2 2 0 0 0 2 0l7-4A2 2 0 0 0 21 
16V8a2 2 0 0 0-1-1.73l-7-4a2 2 0 0 0-2 0l-7 4A2 2 0 0 0 3 8v8a2 2 0 0 0 1 
1.73z"[39m
                  [36m/>[39m
                  [36m<path[39m
                    [33md[39m=[32m"M12 22V12"[39m
                  [36m/>[39m
                  [36m<polyline[39m
                    [33mpoints[39m=[32m"3.29 7 12 12 20.71 7"[39m
                  [36m/>[39m
                  [36m<path[39m
                    [33md[39m=[32m"m7.5 4.27 9 5.15"[39m
                  [36m/>[39m
                [36m</svg>[39m
              [36m</div>[39m
              [36m<div>[39m
                [36m<div[39m
                  [33mclass[39m=[32m"flex items-center gap-2"[39m
                [36m>[39m
                  [36m<h3[39m
                    [33mclass[39m=[32m"font-semibold"[39m
                  [36m>[39m
                    [0mPhockup[0m
                  [36m</h3>[39m
                  [36m<button[39m
                    [33mclass[39m=[32m"text-xs text-blue-400 
hover:text-blue-300 flex items-center gap-0.5"[39m
                  [36m>[39m
                    [36m<svg[39m
                      [33maria-hidden[39m=[32m"true"[39m
                      [33mclass[39m=[32m"lucide lucide-external-link w-3 
h-3"[39m
                      [33mfill[39m=[32m"none"[39m
                      [33mheight[39m=[32m"24"[39m
                      [33mstroke[39m=[32m"currentColor"[39m
                      [33mstroke-linecap[39m=[32m"round"[39m
                      [33mstroke-linejoin[39m=[32m"round"[39m
                      [33mstroke-width[39m=[32m"2"[39m
                   ...

Ignored nodes: comments, script, style
[36m<html>[39m
  [36m<head />[39m
  [36m<body>[39m
    [36m<div>[39m
      [36m<div[39m
        [33mclass[39m=[32m"space-y-8 animate-fade-in pb-20"[39m
      [36m>[39m
        [36m<div>[39m
          [36m<h2[39m
            [33mclass[39m=[32m"text-3xl font-bold mb-2"[39m
          [36m>[39m
            [0mSettings[0m
          [36m</h2>[39m
          [36m<p[39m
            [33mclass[39m=[32m"text-slate-400"[39m
          [36m>[39m
            [0mConfigure external tools and connections[0m
          [36m</p>[39m
        [36m</div>[39m
        [36m<div[39m
          [33mclass[39m=[32m"glass-card p-8"[39m
        [36m>[39m
          [36m<div[39m
            [33mclass[39m=[32m"flex items-center justify-between mb-6"[39m
          [36m>[39m
            [36m<div[39m
              [33mclass[39m=[32m"flex items-center gap-3"[39m
            [36m>[39m
              [36m<div[39m
                [33mclass[39m=[32m"p-2 rounded-lg bg-green-500/20"[39m
              [36m>[39m
                [36m<svg[39m
                  [33maria-hidden[39m=[32m"true"[39m
                  [33mclass[39m=[32m"lucide lucide-package w-5 h-5 
text-green-400"[39m
                  [33mfill[39m=[32m"none"[39m
                  [33mheight[39m=[32m"24"[39m
                  [33mstroke[39m=[32m"currentColor"[39m
                  [33mstroke-linecap[39m=[32m"round"[39m
                  [33mstroke-linejoin[39m=[32m"round"[39m
                  [33mstroke-width[39m=[32m"2"[39m
                  [33mviewBox[39m=[32m"0 0 24 24"[39m
                  [33mwidth[39m=[32m"24"[39m
                  [33mxmlns[39m=[32m"http://www.w3.org/2000/svg"[39m
                [36m>[39m
                  [36m<path[39m
                    [33md[39m=[32m"M11 21.73a2 2 0 0 0 2 0l7-4A2 2 0 0 0 21 
16V8a2 2 0 0 0-1-1.73l-7-4a2 2 0 0 0-2 0l-7 4A2 2 0 0 0 3 8v8a2 2 0 0 0 1 
1.73z"[39m
                  [36m/>[39m
                  [36m<path[39m
                    [33md[39m=[32m"M12 22V12"[39m
                  [36m/>[39m
                  [36m<polyline[39m
                    [33mpoints[39m=[32m"3.29 7 12 12 20.71 7"[39m
                  [36m/>[39m
                  [36m<path[39m
                    [33md[39m=[32m"m7.5 4.27 9 5.15"[39m
                  [36m/>[39m
                [36m</svg>[39m
              [36m</div>[39m
              [36m<h2[39m
                [33mclass[39m=[32m"text-2xl font-bold"[39m
              [36m>[39m
                [0mSystem Prerequisites[0m
              [36m</h2>[39m
            [36m</div>[39m
            [36m<button[39m
              [33mclass[39m=[32m"p-2 hover:bg-slate-800 rounded-lg 
text-slate-400 hover:text-white transition-colors"[39m
              [33mtitle[39m=[32m"Recheck dependencies"[39m
            [36m>[39m
              [36m<svg[39m
                [33maria-hidden[39m=[32m"true"[39m
                [33mclass[39m=[32m"lucide lucide-refresh-cw w-5 h-5"[39m
                [33mfill[39m=[32m"none"[39m
                [33mheight[39m=[32m"24"[39m
                [33mstroke[39m=[32m"currentColor"[39m
                [33mstroke-linecap[39m=[32m"round"[39m
                [33mstroke-linejoin[39m=[32m"round"[39m
                [33mstroke-width[39m=[32m"2"[39m
                [33mviewBox[39m=[32m"0 0 24 24"[39m
                [33mwidth[39m=[32m"24"[39m
                [33mxmlns[39m=[32m"http://www.w3.org/2000/svg"[39m
              [36m>[39m
                [36m<path[39m
                  [33md[39m=[32m"M3 12a9 9 0 0 1 9-9 9.75 9.75 0 0 1 6.74 
2.74L21 8"[39m
                [36m/>[39m
                [36m<path[39m
                  [33md[39m=[32m"M21 3v5h-5"[39m
                [36m/>[39m
                [36m<path[39m
                  [33md[39m=[32m"M21 12a9 9 0 0 1-9 9 9.75 9.75 0 0 
1-6.74-2.74L3 16"[39m
                [36m/>[39m
                [36m<path[39m
                  [33md[39m=[32m"M8 16H3v5"[39m
                [36m/>[39m
              [36m</svg>[39m
            [36m</button>[39m
          [36m</div>[39m
          [36m<div[39m
            [33mclass[39m=[32m"space-y-4"[39m
          [36m>[39m
            [36m<div[39m
              [33mclass[39m=[32m"flex items-center justify-between p-4 
rounded-xl bg-slate-800/50"[39m
            [36m>[39m
              [36m<div[39m
                [33mclass[39m=[32m"flex items-center gap-3"[39m
              [36m>[39m
                [36m<div[39m
                  [33mclass[39m=[32m"p-2 rounded-lg bg-yellow-500/20"[39m
                [36m>[39m
                  [36m<svg[39m
                    [33maria-hidden[39m=[32m"true"[39m
                    [33mclass[39m=[32m"lucide lucide-package w-5 h-5 
text-yellow-400"[39m
                    [33mfill[39m=[32m"none"[39m
                    [33mheight[39m=[32m"24"[39m
                    [33mstroke[39m=[32m"currentColor"[39m
                    [33mstroke-linecap[39m=[32m"round"[39m
                    [33mstroke-linejoin[39m=[32m"round"[39m
                    [33mstroke-width[39m=[32m"2"[39m
                    [33mviewBox[39m=[32m"0 0 24 24"[39m
                    [33mwidth[39m=[32m"24"[39m
                    [33mxmlns[39m=[32m"http://www.w3.org/2000/svg"[39m
                  [36m>[39m
                    [36m<path[39m
                      [33md[39m=[32m"M11 21.73a2 2 0 0 0 2 0l7-4A2 2 0 0 0 
21 16V8a2 2 0 0 0-1-1.73l-7-4a2 2 0 0 0-2 0l-7 4A2 2 0 0 0 3 8v8a2 2 0 0 0 1 
1.73z"[39m
                    [36m/>[39m
                    [36m<path[39m
                      [33md[39m=[32m"M12 22V12"[39m
                    [36m/>[39m
                    [36m<polyline[39m
                      [33mpoints[39m=[32m"3.29 7 12 12 20.71 7"[39m
                    [36m/>[39m
                    [36m<path[39m
                      [33md[39m=[32m"m7.5 4.27 9 5.15"[39m
                    [36m/>[39m
                  [36m</svg>[39m
                [36m</div>[39m
                [36m<div>[39m
                  [36m<div[39m
                    [33mclass[39m=[32m"flex items-center gap-2"[39m
                  [36m>[39m
                    [36m<h3[39m
                      [33mclass[39m=[32m"font-semibold"[39m
                    [36m>[39m
                      [0mPhockup[0m
                    [36m</h3>[39m
                    [36m<button[39m
                      [33mclass[39m=[32m"text-xs text-blue-400 
hover:text-blue-300 flex items-center gap-0.5"[39m
                    [36m>[39m
                      [36m<svg[39m
                        [33maria-hidden[39m=[32m"true"[39m
                        [33mclass[39m=[32m"lucide lucide-external-link w-3 
h-3"[39m
                        [33mfill[39m=[32m"no...
[90m [2mΓ¥»[22m Proxy.waitForWrapper 
node_modules/@testing-library/dom/dist/wait-for.js:[2m163:27[22m[39m
[36m [2mΓ¥»[22m src/pages/__tests__/Settings.test.tsx:[2m82:19[22m[39m
    [90m 80| [39m            [34mrenderSettings[39m()[33m;[39m
    [90m 81| [39m
    [90m 82| [39m            [35mawait[39m [34mwaitFor[39m(() 
[33m=>[39m {
    [90m   | [39m                  [31m^[39m
    [90m 83| [39m                expect(screen.getByText('Archive 
Location')).toBeInTheΓÇª
    [90m 84| [39m            })[33m;[39m

[31m[2mΓÄ»ΓÄ»ΓÄ»ΓÄ»ΓÄ»ΓÄ»ΓÄ»ΓÄ»ΓÄ»ΓÄ»ΓÄ»ΓÄ»ΓÄ»ΓÄ»ΓÄ»ΓÄ»ΓÄ»ΓÄ»ΓÄ»ΓÄ»ΓÄ»ΓÄ»[12/
13]ΓÄ»[22m[39m

[41m[1m FAIL [22m[49m src/pages/__tests__/Settings.test.tsx[2m > 
[22mSettings[2m > [22mEdge Cases[2m > [22mhandles empty settings 
gracefully
[31m[1mTestingLibraryElementError[22m[39m: Unable to find an element with 
the text: Archive Location. This could be because the text is broken up by 
multiple elements. In this case, you can provide a function for your text 
matcher to make your matcher more flexible.

Ignored nodes: comments, script, style
[36m<body>[39m
  [36m<div>[39m
    [36m<div[39m
      [33mclass[39m=[32m"space-y-8 animate-fade-in pb-20"[39m
    [36m>[39m
      [36m<div>[39m
        [36m<h2[39m
          [33mclass[39m=[32m"text-3xl font-bold mb-2"[39m
        [36m>[39m
          [0mSettings[0m
        [36m</h2>[39m
        [36m<p[39m
          [33mclass[39m=[32m"text-slate-400"[39m
        [36m>[39m
          [0mConfigure external tools and connections[0m
        [36m</p>[39m
      [36m</div>[39m
      [36m<div[39m
        [33mclass[39m=[32m"glass-card p-8"[39m
      [36m>[39m
        [36m<div[39m
          [33mclass[39m=[32m"flex items-center justify-between mb-6"[39m
        [36m>[39m
          [36m<div[39m
            [33mclass[39m=[32m"flex items-center gap-3"[39m
          [36m>[39m
            [36m<div[39m
              [33mclass[39m=[32m"p-2 rounded-lg bg-green-500/20"[39m
            [36m>[39m
              [36m<svg[39m
                [33maria-hidden[39m=[32m"true"[39m
                [33mclass[39m=[32m"lucide lucide-package w-5 h-5 
text-green-400"[39m
                [33mfill[39m=[32m"none"[39m
                [33mheight[39m=[32m"24"[39m
                [33mstroke[39m=[32m"currentColor"[39m
                [33mstroke-linecap[39m=[32m"round"[39m
                [33mstroke-linejoin[39m=[32m"round"[39m
                [33mstroke-width[39m=[32m"2"[39m
                [33mviewBox[39m=[32m"0 0 24 24"[39m
                [33mwidth[39m=[32m"24"[39m
                [33mxmlns[39m=[32m"http://www.w3.org/2000/svg"[39m
              [36m>[39m
                [36m<path[39m
                  [33md[39m=[32m"M11 21.73a2 2 0 0 0 2 0l7-4A2 2 0 0 0 21 
16V8a2 2 0 0 0-1-1.73l-7-4a2 2 0 0 0-2 0l-7 4A2 2 0 0 0 3 8v8a2 2 0 0 0 1 
1.73z"[39m
                [36m/>[39m
                [36m<path[39m
                  [33md[39m=[32m"M12 22V12"[39m
                [36m/>[39m
                [36m<polyline[39m
                  [33mpoints[39m=[32m"3.29 7 12 12 20.71 7"[39m
                [36m/>[39m
                [36m<path[39m
                  [33md[39m=[32m"m7.5 4.27 9 5.15"[39m
                [36m/>[39m
              [36m</svg>[39m
            [36m</div>[39m
            [36m<h2[39m
              [33mclass[39m=[32m"text-2xl font-bold"[39m
            [36m>[39m
              [0mSystem Prerequisites[0m
            [36m</h2>[39m
          [36m</div>[39m
          [36m<button[39m
            [33mclass[39m=[32m"p-2 hover:bg-slate-800 rounded-lg 
text-slate-400 hover:text-white transition-colors"[39m
            [33mtitle[39m=[32m"Recheck dependencies"[39m
          [36m>[39m
            [36m<svg[39m
              [33maria-hidden[39m=[32m"true"[39m
              [33mclass[39m=[32m"lucide lucide-refresh-cw w-5 h-5"[39m
              [33mfill[39m=[32m"none"[39m
              [33mheight[39m=[32m"24"[39m
              [33mstroke[39m=[32m"currentColor"[39m
              [33mstroke-linecap[39m=[32m"round"[39m
              [33mstroke-linejoin[39m=[32m"round"[39m
              [33mstroke-width[39m=[32m"2"[39m
              [33mviewBox[39m=[32m"0 0 24 24"[39m
              [33mwidth[39m=[32m"24"[39m
              [33mxmlns[39m=[32m"http://www.w3.org/2000/svg"[39m
            [36m>[39m
              [36m<path[39m
                [33md[39m=[32m"M3 12a9 9 0 0 1 9-9 9.75 9.75 0 0 1 6.74 
2.74L21 8"[39m
              [36m/>[39m
              [36m<path[39m
                [33md[39m=[32m"M21 3v5h-5"[39m
              [36m/>[39m
              [36m<path[39m
                [33md[39m=[32m"M21 12a9 9 0 0 1-9 9 9.75 9.75 0 0 
1-6.74-2.74L3 16"[39m
              [36m/>[39m
              [36m<path[39m
                [33md[39m=[32m"M8 16H3v5"[39m
              [36m/>[39m
            [36m</svg>[39m
          [36m</button>[39m
        [36m</div>[39m
        [36m<div[39m
          [33mclass[39m=[32m"space-y-4"[39m
        [36m>[39m
          [36m<div[39m
            [33mclass[39m=[32m"flex items-center justify-between p-4 
rounded-xl bg-slate-800/50"[39m
          [36m>[39m
            [36m<div[39m
              [33mclass[39m=[32m"flex items-center gap-3"[39m
            [36m>[39m
              [36m<div[39m
                [33mclass[39m=[32m"p-2 rounded-lg bg-yellow-500/20"[39m
              [36m>[39m
                [36m<svg[39m
                  [33maria-hidden[39m=[32m"true"[39m
                  [33mclass[39m=[32m"lucide lucide-package w-5 h-5 
text-yellow-400"[39m
                  [33mfill[39m=[32m"none"[39m
                  [33mheight[39m=[32m"24"[39m
                  [33mstroke[39m=[32m"currentColor"[39m
                  [33mstroke-linecap[39m=[32m"round"[39m
                  [33mstroke-linejoin[39m=[32m"round"[39m
                  [33mstroke-width[39m=[32m"2"[39m
                  [33mviewBox[39m=[32m"0 0 24 24"[39m
                  [33mwidth[39m=[32m"24"[39m
                  [33mxmlns[39m=[32m"http://www.w3.org/2000/svg"[39m
                [36m>[39m
                  [36m<path[39m
                    [33md[39m=[32m"M11 21.73a2 2 0 0 0 2 0l7-4A2 2 0 0 0 21 
16V8a2 2 0 0 0-1-1.73l-7-4a2 2 0 0 0-2 0l-7 4A2 2 0 0 0 3 8v8a2 2 0 0 0 1 
1.73z"[39m
                  [36m/>[39m
                  [36m<path[39m
                    [33md[39m=[32m"M12 22V12"[39m
                  [36m/>[39m
                  [36m<polyline[39m
                    [33mpoints[39m=[32m"3.29 7 12 12 20.71 7"[39m
                  [36m/>[39m
                  [36m<path[39m
                    [33md[39m=[32m"m7.5 4.27 9 5.15"[39m
                  [36m/>[39m
                [36m</svg>[39m
              [36m</div>[39m
              [36m<div>[39m
                [36m<div[39m
                  [33mclass[39m=[32m"flex items-center gap-2"[39m
                [36m>[39m
                  [36m<h3[39m
                    [33mclass[39m=[32m"font-semibold"[39m
                  [36m>[39m
                    [0mPhockup[0m
                  [36m</h3>[39m
                  [36m<button[39m
                    [33mclass[39m=[32m"text-xs text-blue-400 
hover:text-blue-300 flex items-center gap-0.5"[39m
                  [36m>[39m
                    [36m<svg[39m
                      [33maria-hidden[39m=[32m"true"[39m
                      [33mclass[39m=[32m"lucide lucide-external-link w-3 
h-3"[39m
                      [33mfill[39m=[32m"none"[39m
                      [33mheight[39m=[32m"24"[39m
                      [33mstroke[39m=[32m"currentColor"[39m
                      [33mstroke-linecap[39m=[32m"round"[39m
                      [33mstroke-linejoin[39m=[32m"round"[39m
                      [33mstroke-width[39m=[32m"2"[39m
                   ...

Ignored nodes: comments, script, style
[36m<html>[39m
  [36m<head />[39m
  [36m<body>[39m
    [36m<div>[39m
      [36m<div[39m
        [33mclass[39m=[32m"space-y-8 animate-fade-in pb-20"[39m
      [36m>[39m
        [36m<div>[39m
          [36m<h2[39m
            [33mclass[39m=[32m"text-3xl font-bold mb-2"[39m
          [36m>[39m
            [0mSettings[0m
          [36m</h2>[39m
          [36m<p[39m
            [33mclass[39m=[32m"text-slate-400"[39m
          [36m>[39m
            [0mConfigure external tools and connections[0m
          [36m</p>[39m
        [36m</div>[39m
        [36m<div[39m
          [33mclass[39m=[32m"glass-card p-8"[39m
        [36m>[39m
          [36m<div[39m
            [33mclass[39m=[32m"flex items-center justify-between mb-6"[39m
          [36m>[39m
            [36m<div[39m
              [33mclass[39m=[32m"flex items-center gap-3"[39m
            [36m>[39m
              [36m<div[39m
                [33mclass[39m=[32m"p-2 rounded-lg bg-green-500/20"[39m
              [36m>[39m
                [36m<svg[39m
                  [33maria-hidden[39m=[32m"true"[39m
                  [33mclass[39m=[32m"lucide lucide-package w-5 h-5 
text-green-400"[39m
                  [33mfill[39m=[32m"none"[39m
                  [33mheight[39m=[32m"24"[39m
                  [33mstroke[39m=[32m"currentColor"[39m
                  [33mstroke-linecap[39m=[32m"round"[39m
                  [33mstroke-linejoin[39m=[32m"round"[39m
                  [33mstroke-width[39m=[32m"2"[39m
                  [33mviewBox[39m=[32m"0 0 24 24"[39m
                  [33mwidth[39m=[32m"24"[39m
                  [33mxmlns[39m=[32m"http://www.w3.org/2000/svg"[39m
                [36m>[39m
                  [36m<path[39m
                    [33md[39m=[32m"M11 21.73a2 2 0 0 0 2 0l7-4A2 2 0 0 0 21 
16V8a2 2 0 0 0-1-1.73l-7-4a2 2 0 0 0-2 0l-7 4A2 2 0 0 0 3 8v8a2 2 0 0 0 1 
1.73z"[39m
                  [36m/>[39m
                  [36m<path[39m
                    [33md[39m=[32m"M12 22V12"[39m
                  [36m/>[39m
                  [36m<polyline[39m
                    [33mpoints[39m=[32m"3.29 7 12 12 20.71 7"[39m
                  [36m/>[39m
                  [36m<path[39m
                    [33md[39m=[32m"m7.5 4.27 9 5.15"[39m
                  [36m/>[39m
                [36m</svg>[39m
              [36m</div>[39m
              [36m<h2[39m
                [33mclass[39m=[32m"text-2xl font-bold"[39m
              [36m>[39m
                [0mSystem Prerequisites[0m
              [36m</h2>[39m
            [36m</div>[39m
            [36m<button[39m
              [33mclass[39m=[32m"p-2 hover:bg-slate-800 rounded-lg 
text-slate-400 hover:text-white transition-colors"[39m
              [33mtitle[39m=[32m"Recheck dependencies"[39m
            [36m>[39m
              [36m<svg[39m
                [33maria-hidden[39m=[32m"true"[39m
                [33mclass[39m=[32m"lucide lucide-refresh-cw w-5 h-5"[39m
                [33mfill[39m=[32m"none"[39m
                [33mheight[39m=[32m"24"[39m
                [33mstroke[39m=[32m"currentColor"[39m
                [33mstroke-linecap[39m=[32m"round"[39m
                [33mstroke-linejoin[39m=[32m"round"[39m
                [33mstroke-width[39m=[32m"2"[39m
                [33mviewBox[39m=[32m"0 0 24 24"[39m
                [33mwidth[39m=[32m"24"[39m
                [33mxmlns[39m=[32m"http://www.w3.org/2000/svg"[39m
              [36m>[39m
                [36m<path[39m
                  [33md[39m=[32m"M3 12a9 9 0 0 1 9-9 9.75 9.75 0 0 1 6.74 
2.74L21 8"[39m
                [36m/>[39m
                [36m<path[39m
                  [33md[39m=[32m"M21 3v5h-5"[39m
                [36m/>[39m
                [36m<path[39m
                  [33md[39m=[32m"M21 12a9 9 0 0 1-9 9 9.75 9.75 0 0 
1-6.74-2.74L3 16"[39m
                [36m/>[39m
                [36m<path[39m
                  [33md[39m=[32m"M8 16H3v5"[39m
                [36m/>[39m
              [36m</svg>[39m
            [36m</button>[39m
          [36m</div>[39m
          [36m<div[39m
            [33mclass[39m=[32m"space-y-4"[39m
          [36m>[39m
            [36m<div[39m
              [33mclass[39m=[32m"flex items-center justify-between p-4 
rounded-xl bg-slate-800/50"[39m
            [36m>[39m
              [36m<div[39m
                [33mclass[39m=[32m"flex items-center gap-3"[39m
              [36m>[39m
                [36m<div[39m
                  [33mclass[39m=[32m"p-2 rounded-lg bg-yellow-500/20"[39m
                [36m>[39m
                  [36m<svg[39m
                    [33maria-hidden[39m=[32m"true"[39m
                    [33mclass[39m=[32m"lucide lucide-package w-5 h-5 
text-yellow-400"[39m
                    [33mfill[39m=[32m"none"[39m
                    [33mheight[39m=[32m"24"[39m
                    [33mstroke[39m=[32m"currentColor"[39m
                    [33mstroke-linecap[39m=[32m"round"[39m
                    [33mstroke-linejoin[39m=[32m"round"[39m
                    [33mstroke-width[39m=[32m"2"[39m
                    [33mviewBox[39m=[32m"0 0 24 24"[39m
                    [33mwidth[39m=[32m"24"[39m
                    [33mxmlns[39m=[32m"http://www.w3.org/2000/svg"[39m
                  [36m>[39m

[2m Test Files [22m [1m[31m2 failed[39m[22m[2m | [22m[1m[32m1 passed[39m[22m[90m (3)[39m
[2m      Tests [22m [1m[31m13 failed[39m[22m[2m | [22m[1m[32m15 passed[39m[22m[90m (28)[39m
[2m   Start at [22m 12:55:38
[2m   Duration [22m 5.57s[2m (transform 204ms, setup 760ms, import 1.26s, tests 4.40s, environment 5.49s)[22m

                    [36m<path[39m
                      [33md[39m=[32m"M11 21.73a2 2 0 0 0 2 0l7-4A2 2 0 0 0 
21 16V8a2 2 0 0 0-1-1.73l-7-4a2 2 0 0 0-2 0l-7 4A2 2 0 0 0 3 8v8a2 2 0 0 0 1 
1.73z"[39m
                    [36m/>[39m
                    [36m<path[39m
                      [33md[39m=[32m"M12 22V12"[39m
                    [36m/>[39m
                    [36m<polyline[39m
                      [33mpoints[39m=[32m"3.29 7 12 12 20.71 7"[39m
                    [36m/>[39m
                    [36m<path[39m
                      [33md[39m=[32m"m7.5 4.27 9 5.15"[39m
                    [36m/>[39m
                  [36m</svg>[39m
                [36m</div>[39m
                [36m<div>[39m
                  [36m<div[39m
                    [33mclass[39m=[32m"flex items-center gap-2"[39m
                  [36m>[39m
                    [36m<h3[39m
                      [33mclass[39m=[32m"font-semibold"[39m
                    [36m>[39m
                      [0mPhockup[0m
                    [36m</h3>[39m
                    [36m<button[39m
                      [33mclass[39m=[32m"text-xs text-blue-400 
hover:text-blue-300 flex items-center gap-0.5"[39m
                    [36m>[39m
                      [36m<svg[39m
                        [33maria-hidden[39m=[32m"true"[39m
                        [33mclass[39m=[32m"lucide lucide-external-link w-3 
h-3"[39m
                        [33mfill[39m=[32m"no...
[90m [2mΓ¥»[22m Proxy.waitForWrapper 
node_modules/@testing-library/dom/dist/wait-for.js:[2m163:27[22m[39m
[36m [2mΓ¥»[22m src/pages/__tests__/Settings.test.tsx:[2m179:19[22m[39m
    [90m177| [39m            [34mrenderSettings[39m()[33m;[39m
    [90m178| [39m
    [90m179| [39m            [35mawait[39m [34mwaitFor[39m(() 
[33m=>[39m {
    [90m   | [39m                  [31m^[39m
    [90m180| [39m                expect(screen.getByText('Archive 
Location')).toBeInTheΓÇª
    [90m181| [39m            })[33m;[39m

[31m[2mΓÄ»ΓÄ»ΓÄ»ΓÄ»ΓÄ»ΓÄ»ΓÄ»ΓÄ»ΓÄ»ΓÄ»ΓÄ»ΓÄ»ΓÄ»ΓÄ»ΓÄ»ΓÄ»ΓÄ»ΓÄ»ΓÄ»ΓÄ»ΓÄ»ΓÄ»[13/
13]ΓÄ»[22m[39m

